Component: Arm Compiler for Embedded 6.22 Tool: armlink [5ee90200]

==============================================================================

Section Cross References

    delay.o(.ARM.exidx.text.Delay_us) refers to delay.o(.text.Delay_us) for [Anonymous Symbol]
    delay.o(.text.Delay_ms) refers to delay.o(.text.Delay_us) for Delay_us
    delay.o(.ARM.exidx.text.Delay_ms) refers to delay.o(.text.Delay_ms) for [Anonymous Symbol]
    delay.o(.text.Delay_s) refers to delay.o(.text.Delay_ms) for Delay_ms
    delay.o(.ARM.exidx.text.Delay_s) refers to delay.o(.text.Delay_s) for [Anonymous Symbol]
    ds18b20.o(.text.DS18B20_Read_Byte) refers to ds18b20.o(.text.DS18B20_Read_Bit) for DS18B20_Read_Bit
    ds18b20.o(.ARM.exidx.text.DS18B20_Read_Byte) refers to ds18b20.o(.text.DS18B20_Read_Byte) for [Anonymous Symbol]
    ds18b20.o(.text.DS18B20_Read_Bit) refers to ds18b20.o(.text.DS18B20_Mode_Out_PP) for DS18B20_Mode_Out_PP
    ds18b20.o(.text.DS18B20_Read_Bit) refers to stm32f10x_gpio.o(.text.GPIO_ResetBits) for GPIO_ResetBits
    ds18b20.o(.text.DS18B20_Read_Bit) refers to delay.o(.text.Delay_us) for Delay_us
    ds18b20.o(.text.DS18B20_Read_Bit) refers to ds18b20.o(.text.DS18B20_Mode_IPU) for DS18B20_Mode_IPU
    ds18b20.o(.text.DS18B20_Read_Bit) refers to stm32f10x_gpio.o(.text.GPIO_ReadInputDataBit) for GPIO_ReadInputDataBit
    ds18b20.o(.ARM.exidx.text.DS18B20_Read_Bit) refers to ds18b20.o(.text.DS18B20_Read_Bit) for [Anonymous Symbol]
    ds18b20.o(.text.DS18B20_Write_Byte) refers to ds18b20.o(.text.DS18B20_Mode_Out_PP) for DS18B20_Mode_Out_PP
    ds18b20.o(.text.DS18B20_Write_Byte) refers to stm32f10x_gpio.o(.text.GPIO_ResetBits) for GPIO_ResetBits
    ds18b20.o(.text.DS18B20_Write_Byte) refers to delay.o(.text.Delay_us) for Delay_us
    ds18b20.o(.text.DS18B20_Write_Byte) refers to stm32f10x_gpio.o(.text.GPIO_SetBits) for GPIO_SetBits
    ds18b20.o(.ARM.exidx.text.DS18B20_Write_Byte) refers to ds18b20.o(.text.DS18B20_Write_Byte) for [Anonymous Symbol]
    ds18b20.o(.text.DS18B20_Mode_Out_PP) refers to stm32f10x_gpio.o(.text.GPIO_Init) for GPIO_Init
    ds18b20.o(.ARM.exidx.text.DS18B20_Mode_Out_PP) refers to ds18b20.o(.text.DS18B20_Mode_Out_PP) for [Anonymous Symbol]
    ds18b20.o(.text.DS18B20_Start) refers to ds18b20.o(.text.DS18B20_Rst) for DS18B20_Rst
    ds18b20.o(.text.DS18B20_Start) refers to ds18b20.o(.text.DS18B20_Presence) for DS18B20_Presence
    ds18b20.o(.text.DS18B20_Start) refers to ds18b20.o(.text.DS18B20_Write_Byte) for DS18B20_Write_Byte
    ds18b20.o(.ARM.exidx.text.DS18B20_Start) refers to ds18b20.o(.text.DS18B20_Start) for [Anonymous Symbol]
    ds18b20.o(.text.DS18B20_Rst) refers to ds18b20.o(.text.DS18B20_Mode_Out_PP) for DS18B20_Mode_Out_PP
    ds18b20.o(.text.DS18B20_Rst) refers to stm32f10x_gpio.o(.text.GPIO_ResetBits) for GPIO_ResetBits
    ds18b20.o(.text.DS18B20_Rst) refers to delay.o(.text.Delay_us) for Delay_us
    ds18b20.o(.text.DS18B20_Rst) refers to stm32f10x_gpio.o(.text.GPIO_SetBits) for GPIO_SetBits
    ds18b20.o(.ARM.exidx.text.DS18B20_Rst) refers to ds18b20.o(.text.DS18B20_Rst) for [Anonymous Symbol]
    ds18b20.o(.text.DS18B20_Presence) refers to ds18b20.o(.text.DS18B20_Mode_IPU) for DS18B20_Mode_IPU
    ds18b20.o(.text.DS18B20_Presence) refers to stm32f10x_gpio.o(.text.GPIO_ReadInputDataBit) for GPIO_ReadInputDataBit
    ds18b20.o(.text.DS18B20_Presence) refers to delay.o(.text.Delay_us) for Delay_us
    ds18b20.o(.ARM.exidx.text.DS18B20_Presence) refers to ds18b20.o(.text.DS18B20_Presence) for [Anonymous Symbol]
    ds18b20.o(.text.DS18B20_Init) refers to ds18b20.o(.text.DS18B20_GPIO_Config) for DS18B20_GPIO_Config
    ds18b20.o(.text.DS18B20_Init) refers to ds18b20.o(.text.DS18B20_Rst) for DS18B20_Rst
    ds18b20.o(.text.DS18B20_Init) refers to ds18b20.o(.text.DS18B20_Presence) for DS18B20_Presence
    ds18b20.o(.ARM.exidx.text.DS18B20_Init) refers to ds18b20.o(.text.DS18B20_Init) for [Anonymous Symbol]
    ds18b20.o(.text.DS18B20_GPIO_Config) refers to stm32f10x_rcc.o(.text.RCC_APB2PeriphClockCmd) for RCC_APB2PeriphClockCmd
    ds18b20.o(.text.DS18B20_GPIO_Config) refers to stm32f10x_gpio.o(.text.GPIO_Init) for GPIO_Init
    ds18b20.o(.text.DS18B20_GPIO_Config) refers to stm32f10x_gpio.o(.text.GPIO_SetBits) for GPIO_SetBits
    ds18b20.o(.ARM.exidx.text.DS18B20_GPIO_Config) refers to ds18b20.o(.text.DS18B20_GPIO_Config) for [Anonymous Symbol]
    ds18b20.o(.text.DS18B20_Get_Temp) refers to ds18b20.o(.text.DS18B20_Rst) for DS18B20_Rst
    ds18b20.o(.text.DS18B20_Get_Temp) refers to ds18b20.o(.text.DS18B20_Presence) for DS18B20_Presence
    ds18b20.o(.text.DS18B20_Get_Temp) refers to ds18b20.o(.text.DS18B20_Write_Byte) for DS18B20_Write_Byte
    ds18b20.o(.text.DS18B20_Get_Temp) refers to ds18b20.o(.text.DS18B20_Read_Byte) for DS18B20_Read_Byte
    ds18b20.o(.text.DS18B20_Get_Temp) refers to dflt_clz.o(x$fpl$dflt) for __aeabi_i2d
    ds18b20.o(.text.DS18B20_Get_Temp) refers to dmul.o(x$fpl$dmul) for __aeabi_dmul
[...]
    x$fpl$dsub                               0x08004734   Section      476  daddsub_clz.o(x$fpl$dsub)
    _dsub1                                   0x08004745   Thumb Code     0  daddsub_clz.o(x$fpl$dsub)
    x$fpl$f2d                                0x08004910   Section       86  f2d.o(x$fpl$f2d)
    x$fpl$fadd                               0x08004968   Section      196  faddsub_clz.o(x$fpl$fadd)
    _fadd1                                   0x08004977   Thumb Code     0  faddsub_clz.o(x$fpl$fadd)
    x$fpl$fcmp                               0x08004a2c   Section       84  dcmp.o(x$fpl$fcmp)
    x$fpl$fcmp                               0x08004a80   Section       84  fcmp.o(x$fpl$fcmp)
    x$fpl$fcmpinf                            0x08004ad4   Section       24  fcmpi.o(x$fpl$fcmpinf)
    _fdiv1                                   0x08004aed   Thumb Code     0  fdiv.o(x$fpl$fdiv)
    x$fpl$fdiv                               0x08004aec   Section      388  fdiv.o(x$fpl$fdiv)
    x$fpl$feqf                               0x08004c70   Section      104  feqf.o(x$fpl$feqf)
    x$fpl$fflt                               0x08004cd8   Section       48  fflt_clz.o(x$fpl$fflt)
    x$fpl$ffltu                              0x08004d08   Section       38  fflt_clz.o(x$fpl$ffltu)
    x$fpl$fgeqf                              0x08004d30   Section      104  fgeqf.o(x$fpl$fgeqf)
    x$fpl$fleqf                              0x08004d98   Section      104  fleqf.o(x$fpl$fleqf)
    x$fpl$fmul                               0x08004e00   Section      258  fmul.o(x$fpl$fmul)
    x$fpl$fnaninf                            0x08004f02   Section      140  fnaninf.o(x$fpl$fnaninf)
    x$fpl$fretinf                            0x08004f8e   Section       10  fretinf.o(x$fpl$fretinf)
    x$fpl$fsub                               0x08004f98   Section      234  faddsub_clz.o(x$fpl$fsub)
    _fsub1                                   0x08004fa7   Thumb Code     0  faddsub_clz.o(x$fpl$fsub)
    x$fpl$printf1                            0x08005082   Section        4  printf1.o(x$fpl$printf1)
    x$fpl$printf2                            0x08005086   Section        4  printf2.o(x$fpl$printf2)
    x$fpl$usenofp                            0x0800508a   Section        0  usenofp.o(x$fpl$usenofp)
    initial_mbstate                          0x0800508c   Data           8  _printf_wctomb.o(.constdata)
    .constdata                               0x0800508c   Section        8  _printf_wctomb.o(.constdata)
    uc_hextab                                0x08005094   Data          20  _printf_hex_int_ll_ptr.o(.constdata)
    .constdata                               0x08005094   Section       40  _printf_hex_int_ll_ptr.o(.constdata)
    lc_hextab                                0x080050a8   Data          20  _printf_hex_int_ll_ptr.o(.constdata)
    maptable                                 0x080050bc   Data          17  __printf_flags_ss_wp.o(.constdata)
    .constdata                               0x080050bc   Section       17  __printf_flags_ss_wp.o(.constdata)
    lc_hextab                                0x080050cd   Data          19  _printf_fp_hex.o(.constdata)
    .constdata                               0x080050cd   Section       38  _printf_fp_hex.o(.constdata)
    uc_hextab                                0x080050e0   Data          19  _printf_fp_hex.o(.constdata)
    tenpwrs_x                                0x080050f4   Data          60  bigflt0.o(.constdata)
    .constdata                               0x080050f4   Section      148  bigflt0.o(.constdata)
    tenpwrs_i                                0x08005130   Data          64  bigflt0.o(.constdata)
    ADCPrescTable                            0x08005188   Data           4  stm32f10x_rcc.o(.rodata.ADCPrescTable)
    [Anonymous Symbol]                       0x08005188   Section        0  stm32f10x_rcc.o(.rodata.ADCPrescTable)
    APBAHBPrescTable                         0x0800518c   Data          16  stm32f10x_rcc.o(.rodata.APBAHBPrescTable)
    [Anonymous Symbol]                       0x0800518c   Section        0  stm32f10x_rcc.o(.rodata.APBAHBPrescTable)
    .L.str.4                                 0x08005b76   Data          19  main.o(.rodata.str1.1)
    [Anonymous Symbol]                       0x08005b76   Section        0  main.o(.rodata.str1.1)
    .L.str.6                                 0x08005b89   Data          21  main.o(.rodata.str1.1)
    .L.str.3                                 0x08005b9e   Data          15  main.o(.rodata.str1.1)
    .L.str.2                                 0x08005bad   Data          15  main.o(.rodata.str1.1)
    .L.str.1                                 0x08005bbc   Data          15  main.o(.rodata.str1.1)
    .L.str.5                                 0x08005bcb   Data          15  main.o(.rodata.str1.1)
    .L.str.7                                 0x08005bda   Data          15  main.o(.rodata.str1.1)
    .L.str.12                                0x08005be9   Data           4  main.o(.rodata.str1.1)
    .L.str.14                                0x08005bea   Data           3  main.o(.rodata.str1.1)
    .L.str                                   0x08005bed   Data           8  main.o(.rodata.str1.1)
    .L.str.10                                0x08005bf5   Data           4  main.o(.rodata.str1.1)
    .L.str.13                                0x08005bf9   Data          10  main.o(.rodata.str1.1)
    .L.str.11                                0x08005c03   Data          10  main.o(.rodata.str1.1)
    .L.str.9                                 0x08005c0d   Data          10  main.o(.rodata.str1.1)
    .L.str.8                                 0x08005c17   Data          13  main.o(.rodata.str1.1)
    .L.str                                   0x08005c23   Data           1  main.o(.rodata.str1.1)
    locale$$data                             0x08005c44   Section      272  lc_ctype_c.o(locale$$data)
    __lcctype_c_name                         0x08005c48   Data           2  lc_ctype_c.o(locale$$data)
    __lcctype_c_start                        0x08005c50   Data           0  lc_ctype_c.o(locale$$data)
    __lcctype_c_end                          0x08005d54   Data           0  lc_ctype_c.o(locale$$data)
    locale$$data                             0x08005d54   Section       28  lc_numeric_c.o(locale$$data)
    __lcnum_c_name                           0x08005d58   Data           2  lc_numeric_c.o(locale$$data)
    __lcnum_c_start                          0x08005d60   Data           0  lc_numeric_c.o(locale$$data)
    __lcnum_c_point                          0x08005d6c   Data           0  lc_numeric_c.o(locale$$data)
    __lcnum_c_thousands                      0x08005d6e   Data           0  lc_numeric_c.o(locale$$data)
    __lcnum_c_grouping                       0x08005d6f   Data           0  lc_numeric_c.o(locale$$data)
    __lcnum_c_end                            0x08005d70   Data           0  lc_numeric_c.o(locale$$data)
    .bss                                     0x20000008   Section       96  libspace.o(.bss)
    USART1_IRQHandler.RxState                0x200004cd   Data           1  serial.o(.bss.USART1_IRQHandler.RxState)
    [Anonymous Symbol]                       0x200004cd   Section        0  serial.o(.bss.USART1_IRQHandler.RxState)
    USART1_IRQHandler.pRxPacket              0x200004ce   Data           1  serial.o(.bss.USART1_IRQHandler.pRxPacket)
    [Anonymous Symbol]                       0x200004ce   Section        0  serial.o(.bss.USART1_IRQHandler.pRxPacket)
    Heap_Mem                                 0x200004e0   Data         512  startup_stm32f10x_md.o(HEAP)
    HEAP                                     0x200004e0   Section      512  startup_stm32f10x_md.o(HEAP)
    Stack_Mem                                0x200006e0   Data        1024  startup_stm32f10x_md.o(STACK)
    STACK                                    0x200006e0   Section     1024  startup_stm32f10x_md.o(STACK)
    __initial_sp                             0x20000ae0   Data           0  startup_stm32f10x_md.o(STACK)

    Global Symbols

    Symbol Name                              Value     Ov Type        Size  Object(Section)

    BuildAttributes$$THM_ISAv4$P$D$K$B$S$PE$A:L22UL41UL21$X:L11$S22US41US21$IEEE1$IW$~IW$USESV6$~STKCKD$USESV7$~SHL$OTIME$ROPI$IEEEX$EBA8$UX$STANDARDLIB$REQ8$PRES8$EABIv2 0x00000000   Number         0  anon$$obj.o ABSOLUTE
    __fp_init_empty                          0x00000000   Number         0  fpinit_empty.o ABSOLUTE
    _printf_flags                            0x00000000   Number         0  printf_stubs.o ABSOLUTE
    _printf_return_value                     0x00000000   Number         0  printf_stubs.o ABSOLUTE
    _printf_sizespec                         0x00000000   Number         0  printf_stubs.o ABSOLUTE
    _printf_widthprec                        0x00000000   Number         0  printf_stubs.o ABSOLUTE
    __ARM_exceptions_init                     - Undefined Weak Reference
    __alloca_initialize                       - Undefined Weak Reference
    __arm_preinit_                            - Undefined Weak Reference
    __arm_relocate_pie_                       - Undefined Weak Reference
    __cpp_initialize__aeabi_                  - Undefined Weak Reference
    __cxa_finalize                            - Undefined Weak Reference
    __sigvec_lookup                           - Undefined Weak Reference
    _atexit_init                              - Undefined Weak Reference
    _call_atexit_fns                          - Undefined Weak Reference
    _clock_init                               - Undefined Weak Reference
    _fp_trap_init                             - Undefined Weak Reference
    _fp_trap_shutdown                         - Undefined Weak Reference
    _get_lc_collate                           - Undefined Weak Reference
    _get_lc_monetary                          - Undefined Weak Reference
    _get_lc_time                              - Undefined Weak Reference
    _getenv_init                              - Undefined Weak Reference
    _handle_redirection                       - Undefined Weak Reference
    _init_alloc                               - Undefined Weak Reference
    _init_user_alloc                          - Undefined Weak Reference
    _initio                                   - Undefined Weak Reference
    _printf_mbtowc                            - Undefined Weak Reference
    _printf_wc                                - Undefined Weak Reference
    _rand_init                                - Undefined Weak Reference
    _signal_finish                            - Undefined Weak Reference
    _signal_init                              - Undefined Weak Reference
    _terminate_alloc                          - Undefined Weak Reference
    _terminate_user_alloc                     - Undefined Weak Reference
    _terminateio                              - Undefined Weak Reference
    __Vectors_Size                           0x000000ec   Number         0  startup_stm32f10x_md.o ABSOLUTE
    __Vectors                                0x08000000   Data           4  startup_stm32f10x_md.o(RESET)
    __Vectors_End                            0x080000ec   Data           0  startup_stm32f10x_md.o(RESET)
    __main                                   0x080000ed   Thumb Code     8  __main.o(!!!main)
    __scatterload                            0x080000f5   Thumb Code     0  __scatter.o(!!!scatter)
    __scatterload_rt2                        0x080000f5   Thumb Code    84  __scatter.o(!!!scatter)
    __scatterload_rt2_thumb_only             0x080000f5   Thumb Code     0  __scatter.o(!!!scatter)
    __scatterload_loop                       0x080000ff   Thumb Code     0  __scatter.o(!!!scatter)
    __scatterload_copy                       0x08000151   Thumb Code    26  __scatter_copy.o(!!handler_copy)
    __scatterload_null                       0x0800016d   Thumb Code     2  __scatter.o(!!handler_null)
    __scatterload_zeroinit                   0x08000171   Thumb Code    28  __scatter_zi.o(!!handler_zi)
    _printf_n                                0x0800018d   Thumb Code     0  _printf_n.o(.ARM.Collect$$_printf_percent$$00000001)
    _printf_percent                          0x0800018d   Thumb Code     0  _printf_percent.o(.ARM.Collect$$_printf_percent$$00000000)
    _printf_p                                0x08000193   Thumb Code     0  _printf_p.o(.ARM.Collect$$_printf_percent$$00000002)
    _printf_f                                0x08000199   Thumb Code     0  _printf_f.o(.ARM.Collect$$_printf_percent$$00000003)
    _printf_e                                0x0800019f   Thumb Code     0  _printf_e.o(.ARM.Collect$$_printf_percent$$00000004)
    _printf_g                                0x080001a5   Thumb Code     0  _printf_g.o(.ARM.Collect$$_printf_percent$$00000005)
    _printf_a                                0x080001ab   Thumb Code     0  _printf_a.o(.ARM.Collect$$_printf_percent$$00000006)
    _printf_ll                               0x080001b1   Thumb Code     0  _printf_ll.o(.ARM.Collect$$_printf_percent$$00000007)
    _printf_i                                0x080001bb   Thumb Code     0  _printf_i.o(.ARM.Collect$$_printf_percent$$00000008)
    _printf_d                                0x080001c1   Thumb Code     0  _printf_d.o(.ARM.Collect$$_printf_percent$$00000009)
    _printf_u                                0x080001c7   Thumb Code     0  _printf_u.o(.ARM.Collect$$_printf_percent$$0000000A)
    _printf_o                                0x080001cd   Thumb Code     0  _printf_o.o(.ARM.Collect$$_printf_percent$$0000000B)
    _printf_x                                0x080001d3   Thumb Code     0  _printf_x.o(.ARM.Collect$$_printf_percent$$0000000C)
    _printf_lli                              0x080001d9   Thumb Code     0  _printf_lli.o(.ARM.Collect$$_printf_percent$$0000000D)
    _printf_lld                              0x080001df   Thumb Code     0  _printf_lld.o(.ARM.Collect$$_printf_percent$$0000000E)
    _printf_llu                              0x080001e5   Thumb Code     0  _printf_llu.o(.ARM.Collect$$_printf_percent$$0000000F)
    _printf_llo                              0x080001eb   Thumb Code     0  _printf_llo.o(.ARM.Collect$$_printf_percent$$00000010)
    _printf_llx                              0x080001f1   Thumb Code     0  _printf_llx.o(.ARM.Collect$$_printf_percent$$00000011)
    _printf_l                                0x080001f7   Thumb Code     0  _printf_l.o(.ARM.Collect$$_printf_percent$$00000012)
    _printf_c                                0x08000201   Thumb Code     0  _printf_c.o(.ARM.Collect$$_printf_percent$$00000013)
    _printf_s                                0x08000207   Thumb Code     0  _printf_s.o(.ARM.Collect$$_printf_percent$$00000014)
    _printf_lc                               0x0800020d   Thumb Code     0  _printf_lc.o(.ARM.Collect$$_printf_percent$$00000015)
    _printf_ls                               0x08000213   Thumb Code     0  _printf_ls.o(.ARM.Collect$$_printf_percent$$00000016)
    _printf_percent_end                      0x08000219   Thumb Code     0  _printf_percent_end.o(.ARM.Collect$$_printf_percent$$00000017)
    __rt_lib_init                            0x0800021d   Thumb Code     0  libinit.o(.ARM.Collect$$libinit$$00000000)
    __rt_lib_init_fp_1                       0x0800021f   Thumb Code     0  libinit2.o(.ARM.Collect$$libinit$$00000002)
    __rt_lib_init_heap_1                     0x0800021f   Thumb Code     0  libinit2.o(.ARM.Collect$$libinit$$0000000C)
    __rt_lib_init_lc_common                  0x0800021f   Thumb Code     0  libinit2.o(.ARM.Collect$$libinit$$00000011)
    __rt_lib_init_preinit_1                  0x0800021f   Thumb Code     0  libinit2.o(.ARM.Collect$$libinit$$00000006)
    __rt_lib_init_rand_1                     0x0800021f   Thumb Code     0  libinit2.o(.ARM.Collect$$libinit$$00000010)
    __rt_lib_init_relocate_pie_1             0x0800021f   Thumb Code     0  libinit2.o(.ARM.Collect$$libinit$$00000004)
    __rt_lib_init_user_alloc_1               0x0800021f   Thumb Code     0  libinit2.o(.ARM.Collect$$libinit$$0000000E)
    __rt_lib_init_lc_collate_1               0x08000225   Thumb Code     0  libinit2.o(.ARM.Collect$$libinit$$00000013)
    __rt_lib_init_lc_ctype_2                 0x08000225   Thumb Code     0  libinit2.o(.ARM.Collect$$libinit$$00000014)
    __rt_lib_init_lc_ctype_1                 0x08000231   Thumb Code     0  libinit2.o(.ARM.Collect$$libinit$$00000015)
    __rt_lib_init_lc_monetary_1              0x08000231   Thumb Code     0  libinit2.o(.ARM.Collect$$libinit$$00000017)
    __rt_lib_init_lc_numeric_2               0x08000231   Thumb Code     0  libinit2.o(.ARM.Collect$$libinit$$00000018)
    __rt_lib_init_alloca_1                   0x0800023b   Thumb Code     0  libinit2.o(.ARM.Collect$$libinit$$00000030)
    __rt_lib_init_argv_1                     0x0800023b   Thumb Code     0  libinit2.o(.ARM.Collect$$libinit$$0000002E)
    __rt_lib_init_atexit_1                   0x0800023b   Thumb Code     0  libinit2.o(.ARM.Collect$$libinit$$0000001D)
    __rt_lib_init_clock_1                    0x0800023b   Thumb Code     0  libinit2.o(.ARM.Collect$$libinit$$00000023)
    __rt_lib_init_cpp_1                      0x0800023b   Thumb Code     0  libinit2.o(.ARM.Collect$$libinit$$00000034)
    __rt_lib_init_exceptions_1               0x0800023b   Thumb Code     0  libinit2.o(.ARM.Collect$$libinit$$00000032)
    __rt_lib_init_fp_trap_1                  0x0800023b   Thumb Code     0  libinit2.o(.ARM.Collect$$libinit$$00000021)
    __rt_lib_init_getenv_1                   0x0800023b   Thumb Code     0  libinit2.o(.ARM.Collect$$libinit$$00000025)
    __rt_lib_init_lc_numeric_1               0x0800023b   Thumb Code     0  libinit2.o(.ARM.Collect$$libinit$$00000019)
    __rt_lib_init_lc_time_1                  0x0800023b   Thumb Code     0  libinit2.o(.ARM.Collect$$libinit$$0000001B)
    __rt_lib_init_return                     0x0800023b   Thumb Code     0  libinit2.o(.ARM.Collect$$libinit$$00000035)
    __rt_lib_init_signal_1                   0x0800023b   Thumb Code     0  libinit2.o(.ARM.Collect$$libinit$$0000001F)
    __rt_lib_init_stdio_1                    0x0800023b   Thumb Code     0  libinit2.o(.ARM.Collect$$libinit$$00000027)
    __rt_lib_shutdown                        0x0800023d   Thumb Code     0  libshutdown.o(.ARM.Collect$$libshutdown$$00000000)
    __rt_lib_shutdown_cpp_1                  0x0800023f   Thumb Code     0  libshutdown2.o(.ARM.Collect$$libshutdown$$00000002)
    __rt_lib_shutdown_fp_trap_1              0x0800023f   Thumb Code     0  libshutdown2.o(.ARM.Collect$$libshutdown$$00000007)
    __rt_lib_shutdown_heap_1                 0x0800023f   Thumb Code     0  libshutdown2.o(.ARM.Collect$$libshutdown$$0000000F)
    __rt_lib_shutdown_return                 0x0800023f   Thumb Code     0  libshutdown2.o(.ARM.Collect$$libshutdown$$00000010)
    __rt_lib_shutdown_signal_1               0x0800023f   Thumb Code     0  libshutdown2.o(.ARM.Collect$$libshutdown$$0000000A)
    __rt_lib_shutdown_stdio_1                0x0800023f   Thumb Code     0  libshutdown2.o(.ARM.Collect$$libshutdown$$00000004)
    __rt_lib_shutdown_user_alloc_1           0x0800023f   Thumb Code     0  libshutdown2.o(.ARM.Collect$$libshutdown$$0000000C)
    __rt_entry                               0x08000241   Thumb Code     0  __rtentry.o(.ARM.Collect$$rtentry$$00000000)
    __rt_entry_presh_1                       0x08000241   Thumb Code     0  __rtentry2.o(.ARM.Collect$$rtentry$$00000002)
    __rt_entry_sh                            0x08000241   Thumb Code     0  __rtentry4.o(.ARM.Collect$$rtentry$$00000004)
    __rt_entry_li                            0x08000247   Thumb Code     0  __rtentry2.o(.ARM.Collect$$rtentry$$0000000A)
    __rt_entry_postsh_1                      0x08000247   Thumb Code     0  __rtentry2.o(.ARM.Collect$$rtentry$$00000009)
    __rt_entry_main                          0x0800024b   Thumb Code     0  __rtentry2.o(.ARM.Collect$$rtentry$$0000000D)
    __rt_entry_postli_1                      0x0800024b   Thumb Code     0  __rtentry2.o(.ARM.Collect$$rtentry$$0000000C)
    __rt_exit                                0x08000253   Thumb Code     0  rtexit.o(.ARM.Collect$$rtexit$$00000000)
    __rt_exit_ls                             0x08000255   Thumb Code     0  rtexit2.o(.ARM.Collect$$rtexit$$00000003)
    __rt_exit_prels_1                        0x08000255   Thumb Code     0  rtexit2.o(.ARM.Collect$$rtexit$$00000002)
    __rt_exit_exit                           0x08000259   Thumb Code     0  rtexit2.o(.ARM.Collect$$rtexit$$00000004)
    Reset_Handler                            0x08000261   Thumb Code     8  startup_stm32f10x_md.o(.text)
    NMI_Handler                              0x08000269   Thumb Code     2  startup_stm32f10x_md.o(.text)
    HardFault_Handler                        0x0800026b   Thumb Code     2  startup_stm32f10x_md.o(.text)
    MemManage_Handler                        0x0800026d   Thumb Code     2  startup_stm32f10x_md.o(.text)
    BusFault_Handler                         0x0800026f   Thumb Code     2  startup_stm32f10x_md.o(.text)
    UsageFault_Handler                       0x08000271   Thumb Code     2  startup_stm32f10x_md.o(.text)
    SVC_Handler                              0x08000273   Thumb Code     2  startup_stm32f10x_md.o(.text)
    DebugMon_Handler                         0x08000275   Thumb Code     2  startup_stm32f10x_md.o(.text)
    PendSV_Handler                           0x08000277   Thumb Code     2  startup_stm32f10x_md.o(.text)
    SysTick_Handler                          0x08000279   Thumb Code     2  startup_stm32f10x_md.o(.text)
    ADC1_2_IRQHandler                        0x0800027b   Thumb Code     0  startup_stm32f10x_md.o(.text)
    CAN1_RX1_IRQHandler                      0x0800027b   Thumb Code     0  startup_stm32f10x_md.o(.text)
    CAN1_SCE_IRQHandler                      0x0800027b   Thumb Code     0  startup_stm32f10x_md.o(.text)
    DMA1_Channel1_IRQHandler                 0x0800027b   Thumb Code     0  startup_stm32f10x_md.o(.text)
    DMA1_Channel2_IRQHandler                 0x0800027b   Thumb Code     0  startup_stm32f10x_md.o(.text)
    DMA1_Channel3_IRQHandler                 0x0800027b   Thumb Code     0  startup_stm32f10x_md.o(.text)
    DMA1_Channel4_IRQHandler                 0x0800027b   Thumb Code     0  startup_stm32f10x_md.o(.text)
    DMA1_Channel5_IRQHandler                 0x0800027b   Thumb Code     0  startup_stm32f10x_md.o(.text)
    DMA1_Channel6_IRQHandler                 0x0800027b   Thumb Code     0  startup_stm32f10x_md.o(.text)
    DMA1_Channel7_IRQHandler                 0x0800027b   Thumb Code     0  startup_stm32f10x_md.o(.text)
    EXTI0_IRQHandler                         0x0800027b   Thumb Code     0  startup_stm32f10x_md.o(.text)
    EXTI15_10_IRQHandler                     0x0800027b   Thumb Code     0  startup_stm32f10x_md.o(.text)
    EXTI1_IRQHandler                         0x0800027b   Thumb Code     0  startup_stm32f10x_md.o(.text)
    EXTI2_IRQHandler                         0x0800027b   Thumb Code     0  startup_stm32f10x_md.o(.text)
    EXTI3_IRQHandler                         0x0800027b   Thumb Code     0  startup_stm32f10x_md.o(.text)
    EXTI4_IRQHandler                         0x0800027b   Thumb Code     0  startup_stm32f10x_md.o(.text)
    EXTI9_5_IRQHandler                       0x0800027b   Thumb Code     0  startup_stm32f10x_md.o(.text)
    FLASH_IRQHandler                         0x0800027b   Thumb Code     0  startup_stm32f10x_md.o(.text)
    I2C1_ER_IRQHandler                       0x0800027b   Thumb Code     0  startup_stm32f10x_md.o(.text)
    I2C1_EV_IRQHandler                       0x0800027b   Thumb Code     0  startup_stm32f10x_md.o(.text)
    I2C2_ER_IRQHandler                       0x0800027b   Thumb Code     0  startup_stm32f10x_md.o(.text)
    I2C2_EV_IRQHandler                       0x0800027b   Thumb Code     0  startup_stm32f10x_md.o(.text)
    PVD_IRQHandler                           0x0800027b   Thumb Code     0  startup_stm32f10x_md.o(.text)
    RCC_IRQHandler                           0x0800027b   Thumb Code     0  startup_stm32f10x_md.o(.text)
    RTCAlarm_IRQHandler                      0x0800027b   Thumb Code     0  startup_stm32f10x_md.o(.text)
    RTC_IRQHandler                           0x0800027b   Thumb Code     0  startup_stm32f10x_md.o(.text)
    SPI1_IRQHandler                          0x0800027b   Thumb Code     0  startup_stm32f10x_md.o(.text)
    SPI2_IRQHandler                          0x0800027b   Thumb Code     0  startup_stm32f10x_md.o(.text)
    TAMPER_IRQHandler                        0x0800027b   Thumb Code     0  startup_stm32f10x_md.o(.text)
    TIM1_BRK_IRQHandler                      0x0800027b   Thumb Code     0  startup_stm32f10x_md.o(.text)
    TIM1_CC_IRQHandler                       0x0800027b   Thumb Code     0  startup_stm32f10x_md.o(.text)
    TIM1_TRG_COM_IRQHandler                  0x0800027b   Thumb Code     0  startup_stm32f10x_md.o(.text)
    TIM1_UP_IRQHandler                       0x0800027b   Thumb Code     0  startup_stm32f10x_md.o(.text)
    TIM2_IRQHandler                          0x0800027b   Thumb Code     0  startup_stm32f10x_md.o(.text)
    TIM3_IRQHandler                          0x0800027b   Thumb Code     0  startup_stm32f10x_md.o(.text)
    TIM4_IRQHandler                          0x0800027b   Thumb Code     0  startup_stm32f10x_md.o(.text)
    USART2_IRQHandler                        0x0800027b   Thumb Code     0  startup_stm32f10x_md.o(.text)
    USART3_IRQHandler                        0x0800027b   Thumb Code     0  startup_stm32f10x_md.o(.text)
    USBWakeUp_IRQHandler                     0x0800027b   Thumb Code     0  startup_stm32f10x_md.o(.text)
    USB_HP_CAN1_TX_IRQHandler                0x0800027b   Thumb Code     0  startup_stm32f10x_md.o(.text)
    USB_LP_CAN1_RX0_IRQHandler               0x0800027b   Thumb Code     0  startup_stm32f10x_md.o(.text)
    WWDG_IRQHandler                          0x0800027b   Thumb Code     0  startup_stm32f10x_md.o(.text)
    __user_initial_stackheap                 0x0800027d   Thumb Code     0  startup_stm32f10x_md.o(.text)
    vsprintf                                 0x080002a1   Thumb Code    32  vsprintf.o(.text)
    atol                                     0x080002c5   Thumb Code    26  atol.o(.text)
    strcmp                                   0x080002e1   Thumb Code   128  strcmpv7m.o(.text)
    __use_two_region_memory                  0x08000361   Thumb Code     2  heapauxi.o(.text)
    __rt_heap_escrow$2region                 0x08000363   Thumb Code     2  heapauxi.o(.text)
    __rt_heap_expand$2region                 0x08000365   Thumb Code     2  heapauxi.o(.text)
    __aeabi_errno_addr                       0x08000369   Thumb Code     8  rt_errno_addr_intlibspace.o(.text)
    __errno$intlibspace                      0x08000369   Thumb Code     0  rt_errno_addr_intlibspace.o(.text)
    __rt_errno_addr$intlibspace              0x08000369   Thumb Code     0  rt_errno_addr_intlibspace.o(.text)
    _printf_pre_padding                      0x08000371   Thumb Code    44  _printf_pad.o(.text)
    _printf_post_padding                     0x0800039d   Thumb Code    34  _printf_pad.o(.text)
    _printf_truncate_signed                  0x080003bf   Thumb Code    18  _printf_truncate.o(.text)
    _printf_truncate_unsigned                0x080003d1   Thumb Code    18  _printf_truncate.o(.text)
    _printf_str                              0x080003e3   Thumb Code    82  _printf_str.o(.text)
    _printf_int_dec                          0x08000435   Thumb Code   104  _printf_dec.o(.text)
    _printf_charcount                        0x080004ad   Thumb Code    40  _printf_charcount.o(.text)
    _printf_char_common                      0x080004df   Thumb Code    32  _printf_char_common.o(.text)
    _sputc                                   0x08000505   Thumb Code    10  _sputc.o(.text)
    _printf_wctomb                           0x08000511   Thumb Code   182  _printf_wctomb.o(.text)
    _printf_longlong_dec                     0x080005cd   Thumb Code   108  _printf_longlong_dec.o(.text)
    _printf_longlong_oct                     0x08000649   Thumb Code    68  _printf_oct_int_ll.o(.text)
    _printf_int_oct                          0x0800068d   Thumb Code    24  _printf_oct_int_ll.o(.text)
    _printf_ll_oct                           0x080006a5   Thumb Code    12  _printf_oct_int_ll.o(.text)
    _printf_longlong_hex                     0x080006b9   Thumb Code    86  _printf_hex_int_ll_ptr.o(.text)
    _printf_int_hex                          0x0800070f   Thumb Code    28  _printf_hex_int_ll_ptr.o(.text)
    _printf_ll_hex                           0x0800072b   Thumb Code    12  _printf_hex_int_ll_ptr.o(.text)
    _printf_hex_ptr                          0x08000737   Thumb Code    18  _printf_hex_int_ll_ptr.o(.text)
    __printf                                 0x0800074d   Thumb Code   388  __printf_flags_ss_wp.o(.text)
    strtol                                   0x080008d5   Thumb Code   112  strtol.o(.text)
    __user_libspace                          0x08000945   Thumb Code     8  libspace.o(.text)
    __user_perproc_libspace                  0x08000945   Thumb Code     0  libspace.o(.text)
    __user_perthread_libspace                0x08000945   Thumb Code     0  libspace.o(.text)
    __rt_ctype_table                         0x0800094d   Thumb Code    16  rt_ctype_table.o(.text)
    _ll_udiv10                               0x0800095d   Thumb Code   138  lludiv10.o(.text)
    _printf_int_common                       0x080009e7   Thumb Code   178  _printf_intcommon.o(.text)
    _printf_fp_dec_real                      0x08000c49   Thumb Code   620  _printf_fp_dec.o(.text)
    _printf_fp_hex_real                      0x08000eb5   Thumb Code   756  _printf_fp_hex.o(.text)
    _printf_cs_common                        0x080011b1   Thumb Code    20  _printf_char.o(.text)
    _printf_char                             0x080011c5   Thumb Code    16  _printf_char.o(.text)
    _printf_string                           0x080011d5   Thumb Code     8  _printf_char.o(.text)
    _printf_lcs_common                       0x080011dd   Thumb Code    20  _printf_wchar.o(.text)
    _printf_wchar                            0x080011f1   Thumb Code    16  _printf_wchar.o(.text)
    _printf_wstring                          0x08001201   Thumb Code     8  _printf_wchar.o(.text)
    _strtoul                                 0x08001209   Thumb Code   158  _strtoul.o(.text)
    _c16rtomb                                0x080012a7   Thumb Code    72  _c16rtomb.o(.text)
    _wcrtomb                                 0x080012a7   Thumb Code     0  _c16rtomb.o(.text)
    __user_setup_stackheap                   0x080012ef   Thumb Code    74  sys_stackheap_outer.o(.text)
    __rt_locale                              0x08001339   Thumb Code     8  rt_locale_intlibspace.o(.text)
    _printf_fp_infnan                        0x08001341   Thumb Code   112  _printf_fp_infnan.o(.text)
    _chval                                   0x080013c1   Thumb Code    28  _chval.o(.text)
    _btod_etento                             0x080013dd   Thumb Code   224  bigflt0.o(.text)
    exit                                     0x080014c1   Thumb Code    18  exit.o(.text)
    _sys_exit                                0x080014d5   Thumb Code     8  sys_exit.o(.text)
    __I$use$semihosting                      0x080014e1   Thumb Code     0  use_no_semi.o(.text)
    __use_no_semihosting_swi                 0x080014e1   Thumb Code     2  use_no_semi.o(.text)
    __semihosting_library_function           0x080014e3   Thumb Code     0  indicate_semi.o(.text)
    ADC_Cmd                                  0x080014e5   Thumb Code    44  stm32f10x_adc.o(.text.ADC_Cmd)
    ADC_GetCalibrationStatus                 0x08001511   Thumb Code    46  stm32f10x_adc.o(.text.ADC_GetCalibrationStatus)
    ADC_GetConversionValue                   0x08001541   Thumb Code    14  stm32f10x_adc.o(.text.ADC_GetConversionValue)
    ADC_GetFlagStatus                        0x08001551   Thumb Code    52  stm32f10x_adc.o(.text.ADC_GetFlagStatus)
    ADC_GetResetCalibrationStatus            0x08001585   Thumb Code    46  stm32f10x_adc.o(.text.ADC_GetResetCalibrationStatus)
    ADC_Init                                 0x080015b5   Thumb Code   154  stm32f10x_adc.o(.text.ADC_Init)
    ADC_RegularChannelConfig                 0x08001651   Thumb Code   380  stm32f10x_adc.o(.text.ADC_RegularChannelConfig)
    ADC_ResetCalibration                     0x080017cd   Thumb Code    18  stm32f10x_adc.o(.text.ADC_ResetCalibration)
    ADC_SoftwareStartConvCmd                 0x080017e1   Thumb Code    44  stm32f10x_adc.o(.text.ADC_SoftwareStartConvCmd)
    ADC_StartCalibration                     0x0800180d   Thumb Code    18  stm32f10x_adc.o(.text.ADC_StartCalibration)
    AD_GetValue                              0x08001821   Thumb Code    78  water_ad.o(.text.AD_GetValue)
    AD_Init                                  0x08001871   Thumb Code   180  water_ad.o(.text.AD_Init)
    Change_Relays                            0x08001925   Thumb Code    64  main.o(.text.Change_Relays)
    DS18B20_Get_Temp                         0x08001965   Thumb Code   162  ds18b20.o(.text.DS18B20_Get_Temp)
    DS18B20_Read_Byte                        0x08001b85   Thumb Code    76  ds18b20.o(.text.DS18B20_Read_Byte)
    DS18B20_Write_Byte                       0x08001c09   Thumb Code   162  ds18b20.o(.text.DS18B20_Write_Byte)
    Delay_ms                                 0x08001cad   Thumb Code    32  delay.o(.text.Delay_ms)
    Delay_us                                 0x08001ccd   Thumb Code    84  delay.o(.text.Delay_us)
    GPIO_Init                                0x08001d21   Thumb Code   390  stm32f10x_gpio.o(.text.GPIO_Init)
    GPIO_ReadInputDataBit                    0x08001ea9   Thumb Code    52  stm32f10x_gpio.o(.text.GPIO_ReadInputDataBit)
    GPIO_ResetBits                           0x08001edd   Thumb Code    20  stm32f10x_gpio.o(.text.GPIO_ResetBits)
    GPIO_SetBits                             0x08001ef1   Thumb Code    20  stm32f10x_gpio.o(.text.GPIO_SetBits)
    GPIO_WriteBit                            0x08001f05   Thumb Code    44  stm32f10x_gpio.o(.text.GPIO_WriteBit)
    Get_Adc_Average                          0x08001f31   Thumb Code    88  water_ad.o(.text.Get_Adc_Average)
    Get_Water_L                              0x08001f89   Thumb Code    44  main.o(.text.Get_Water_L)
    Get_Water_Q                              0x08001fb5   Thumb Code    44  main.o(.text.Get_Water_Q)
    Get_Water_T                              0x08001fe1   Thumb Code    18  main.o(.text.Get_Water_T)
    Is_All_Digit                             0x08001ff5   Thumb Code    72  main.o(.text.Is_All_Digit)
    NVIC_Init                                0x0800203d   Thumb Code   166  misc.o(.text.NVIC_Init)
    NVIC_PriorityGroupConfig                 0x080020e5   Thumb Code    28  misc.o(.text.NVIC_PriorityGroupConfig)
    OLED_Clear                               0x08002101   Thumb Code    94  oled.o(.text.OLED_Clear)
    OLED_ClearArea                           0x08002161   Thumb Code   200  oled.o(.text.OLED_ClearArea)
    OLED_GPIO_Init                           0x08002229   Thumb Code   136  oled.o(.text.OLED_GPIO_Init)
    OLED_I2C_SendByte                        0x080022b1   Thumb Code    86  oled.o(.text.OLED_I2C_SendByte)
    OLED_I2C_Start                           0x08002309   Thumb Code    36  oled.o(.text.OLED_I2C_Start)
    OLED_I2C_Stop                            0x0800232d   Thumb Code    28  oled.o(.text.OLED_I2C_Stop)
    OLED_Init                                0x08002349   Thumb Code   154  oled.o(.text.OLED_Init)
    OLED_Pow                                 0x080023e5   Thumb Code    38  oled.o(.text.OLED_Pow)
    OLED_SetCursor                           0x0800240d   Thumb Code    52  oled.o(.text.OLED_SetCursor)
    OLED_ShowChar                            0x08002441   Thumb Code   132  oled.o(.text.OLED_ShowChar)
    OLED_ShowChinese                         0x080024c5   Thumb Code   260  oled.o(.text.OLED_ShowChinese)
    OLED_ShowFloatNum                        0x080025c9   Thumb Code   422  oled.o(.text.OLED_ShowFloatNum)
    OLED_ShowImage                           0x08002771   Thumb Code   450  oled.o(.text.OLED_ShowImage)
    OLED_ShowNum                             0x08002935   Thumb Code   156  oled.o(.text.OLED_ShowNum)
    OLED_ShowString                          0x080029d1   Thumb Code    88  oled.o(.text.OLED_ShowString)
    OLED_Update                              0x08002a29   Thumb Code    72  oled.o(.text.OLED_Update)
    OLED_W_SCL                               0x08002a71   Thumb Code    32  oled.o(.text.OLED_W_SCL)
    OLED_W_SDA                               0x08002a91   Thumb Code    32  oled.o(.text.OLED_W_SDA)
    OLED_WriteCommand                        0x08002ab1   Thumb Code    40  oled.o(.text.OLED_WriteCommand)
    OLED_WriteData                           0x08002ad9   Thumb Code    82  oled.o(.text.OLED_WriteData)
    RCC_ADCCLKConfig                         0x08002b2d   Thumb Code    44  stm32f10x_rcc.o(.text.RCC_ADCCLKConfig)
    RCC_APB2PeriphClockCmd                   0x08002b59   Thumb Code    56  stm32f10x_rcc.o(.text.RCC_APB2PeriphClockCmd)
    RCC_GetClocksFreq                        0x08002b91   Thumb Code   370  stm32f10x_rcc.o(.text.RCC_GetClocksFreq)
    Relay_init                               0x08002d05   Thumb Code    50  relays.o(.text.Relay_init)
    Relay_off                                0x08002d39   Thumb Code    20  relays.o(.text.Relay_off)
    Relay_on                                 0x08002d4d   Thumb Code    20  relays.o(.text.Relay_on)
    Serial_Check                             0x08002d61   Thumb Code   258  main.o(.text.Serial_Check)
    Serial_Init                              0x08002e65   Thumb Code   196  serial.o(.text.Serial_Init)
    Serial_Printf                            0x08002f29   Thumb Code    46  serial.o(.text.Serial_Printf)
    Serial_SendByte                          0x08002f59   Thumb Code    50  serial.o(.text.Serial_SendByte)
    Serial_SendString                        0x08002f8d   Thumb Code    56  serial.o(.text.Serial_SendString)
    SystemInit                               0x080030f1   Thumb Code   102  system_stm32f10x.o(.text.SystemInit)
    USART1_IRQHandler                        0x08003159   Thumb Code   282  serial.o(.text.USART1_IRQHandler)
    USART_ClearITPendingBit                  0x08003275   Thumb Code    68  stm32f10x_usart.o(.text.USART_ClearITPendingBit)
    USART_Cmd                                0x080032b9   Thumb Code    44  stm32f10x_usart.o(.text.USART_Cmd)
    USART_GetFlagStatus                      0x080032e5   Thumb Code    68  stm32f10x_usart.o(.text.USART_GetFlagStatus)
    USART_GetITStatus                        0x08003329   Thumb Code   176  stm32f10x_usart.o(.text.USART_GetITStatus)
    USART_ITConfig                           0x080033d9   Thumb Code   146  stm32f10x_usart.o(.text.USART_ITConfig)
    USART_Init                               0x0800346d   Thumb Code   348  stm32f10x_usart.o(.text.USART_Init)
    USART_ReceiveData                        0x080035c9   Thumb Code    16  stm32f10x_usart.o(.text.USART_ReceiveData)
    USART_SendData                           0x080035d9   Thumb Code    24  stm32f10x_usart.o(.text.USART_SendData)
    main                                     0x080035f1   Thumb Code   374  main.o(.text.main)
    _btod_d2e                                0x08003767   Thumb Code    62  btod.o(CL$$btod_d2e)
    _d2e_denorm_low                          0x080037a5   Thumb Code    70  btod.o(CL$$btod_d2e_denorm_low)
    _d2e_norm_op1                            0x080037eb   Thumb Code    96  btod.o(CL$$btod_d2e_norm_op1)
    __btod_div_common                        0x0800384d   Thumb Code   696  btod.o(CL$$btod_div_common)
    _e2e                                     0x08003b85   Thumb Code   220  btod.o(CL$$btod_e2e)
    _btod_ediv                               0x08003c61   Thumb Code    42  btod.o(CL$$btod_ediv)
    _btod_emul                               0x08003c8b   Thumb Code    42  btod.o(CL$$btod_emul)
    __btod_mult_common                       0x08003cb5   Thumb Code   580  btod.o(CL$$btod_mult_common)
    __ARM_fpclassify                         0x08003ef9   Thumb Code    40  fpclassify.o(i.__ARM_fpclassify)
    _is_digit                                0x08003f21   Thumb Code    14  __printf_wp.o(i._is_digit)
    round                                    0x08003f31   Thumb Code   136  round.o(i.round)
    _get_lc_ctype                            0x08003fc5   Thumb Code    44  lc_ctype_c.o(locale$$code)
    _get_lc_numeric                          0x08003ff1   Thumb Code    44  lc_numeric_c.o(locale$$code)
    __aeabi_d2f                              0x0800401d   Thumb Code     0  d2f.o(x$fpl$d2f)
    _d2f                                     0x0800401d   Thumb Code    98  d2f.o(x$fpl$d2f)
    __aeabi_dadd                             0x08004081   Thumb Code     0  daddsub_clz.o(x$fpl$dadd)
    _dadd                                    0x08004081   Thumb Code   332  daddsub_clz.o(x$fpl$dadd)
    __fpl_dcmp_Inf                           0x080041d1   Thumb Code    24  dcmpi.o(x$fpl$dcmpinf)
    __aeabi_cdcmpeq                          0x080041e9   Thumb Code     0  deqf.o(x$fpl$deqf)
    _dcmpeq                                  0x080041e9   Thumb Code   120  deqf.o(x$fpl$deqf)
    __aeabi_d2uiz                            0x08004261   Thumb Code     0  dfixu.o(x$fpl$dfixu)
    _dfixu                                   0x08004261   Thumb Code    90  dfixu.o(x$fpl$dfixu)
    __aeabi_i2d                              0x080042bb   Thumb Code     0  dflt_clz.o(x$fpl$dflt)
    _dflt                                    0x080042bb   Thumb Code    46  dflt_clz.o(x$fpl$dflt)
    __aeabi_ui2d                             0x080042e9   Thumb Code     0  dflt_clz.o(x$fpl$dfltu)
    _dfltu                                   0x080042e9   Thumb Code    38  dflt_clz.o(x$fpl$dfltu)
    __aeabi_cdcmpge                          0x08004311   Thumb Code     0  dgeqf.o(x$fpl$dgeqf)
    _dcmpge                                  0x08004311   Thumb Code   120  dgeqf.o(x$fpl$dgeqf)
    __aeabi_cdcmple                          0x08004389   Thumb Code     0  dleqf.o(x$fpl$dleqf)
    _dcmple                                  0x08004389   Thumb Code   120  dleqf.o(x$fpl$dleqf)
    __fpl_dcmple_InfNaN                      0x080043eb   Thumb Code     0  dleqf.o(x$fpl$dleqf)
    __aeabi_dmul                             0x08004401   Thumb Code     0  dmul.o(x$fpl$dmul)
    _dmul                                    0x08004401   Thumb Code   332  dmul.o(x$fpl$dmul)
    __fpl_dnaninf                            0x08004555   Thumb Code   156  dnaninf.o(x$fpl$dnaninf)
    __fpl_dretinf                            0x080045f1   Thumb Code    12  dretinf.o(x$fpl$dretinf)
    __aeabi_cdrcmple                         0x080045fd   Thumb Code     0  drleqf.o(x$fpl$drleqf)
    _drcmple                                 0x080045fd   Thumb Code   108  drleqf.o(x$fpl$drleqf)
    _drnd                                    0x08004669   Thumb Code   180  drnd.o(x$fpl$drnd)
    __aeabi_drsub                            0x0800471d   Thumb Code     0  daddsub_clz.o(x$fpl$drsb)
    _drsb                                    0x0800471d   Thumb Code    22  daddsub_clz.o(x$fpl$drsb)
    __aeabi_dsub                             0x08004735   Thumb Code     0  daddsub_clz.o(x$fpl$dsub)
    _dsub                                    0x08004735   Thumb Code   472  daddsub_clz.o(x$fpl$dsub)
    __aeabi_f2d                              0x08004911   Thumb Code     0  f2d.o(x$fpl$f2d)
    _f2d                                     0x08004911   Thumb Code    86  f2d.o(x$fpl$f2d)
    __aeabi_fadd                             0x08004969   Thumb Code     0  faddsub_clz.o(x$fpl$fadd)
    _fadd                                    0x08004969   Thumb Code   196  faddsub_clz.o(x$fpl$fadd)
    __aeabi_dcmpeq                           0x08004a2d   Thumb Code     0  dcmp.o(x$fpl$fcmp)
    _deq                                     0x08004a2d   Thumb Code    14  dcmp.o(x$fpl$fcmp)
    _dneq                                    0x08004a3b   Thumb Code    14  dcmp.o(x$fpl$fcmp)
    __aeabi_dcmpgt                           0x08004a49   Thumb Code     0  dcmp.o(x$fpl$fcmp)
    _dgr                                     0x08004a49   Thumb Code    14  dcmp.o(x$fpl$fcmp)
    __aeabi_dcmpge                           0x08004a57   Thumb Code     0  dcmp.o(x$fpl$fcmp)
    _dgeq                                    0x08004a57   Thumb Code    14  dcmp.o(x$fpl$fcmp)
    __aeabi_dcmple                           0x08004a65   Thumb Code     0  dcmp.o(x$fpl$fcmp)
    _dleq                                    0x08004a65   Thumb Code    14  dcmp.o(x$fpl$fcmp)
    __aeabi_dcmplt                           0x08004a73   Thumb Code     0  dcmp.o(x$fpl$fcmp)
    _dls                                     0x08004a73   Thumb Code    14  dcmp.o(x$fpl$fcmp)
    __aeabi_fcmpeq                           0x08004a81   Thumb Code     0  fcmp.o(x$fpl$fcmp)
    _feq                                     0x08004a81   Thumb Code    14  fcmp.o(x$fpl$fcmp)
    _fneq                                    0x08004a8f   Thumb Code    14  fcmp.o(x$fpl$fcmp)
    __aeabi_fcmpgt                           0x08004a9d   Thumb Code     0  fcmp.o(x$fpl$fcmp)
    _fgr                                     0x08004a9d   Thumb Code    14  fcmp.o(x$fpl$fcmp)
    __aeabi_fcmpge                           0x08004aab   Thumb Code     0  fcmp.o(x$fpl$fcmp)
    _fgeq                                    0x08004aab   Thumb Code    14  fcmp.o(x$fpl$fcmp)
    __aeabi_fcmple                           0x08004ab9   Thumb Code     0  fcmp.o(x$fpl$fcmp)
    _fleq                                    0x08004ab9   Thumb Code    14  fcmp.o(x$fpl$fcmp)
    __aeabi_fcmplt                           0x08004ac7   Thumb Code     0  fcmp.o(x$fpl$fcmp)
    _fls                                     0x08004ac7   Thumb Code    14  fcmp.o(x$fpl$fcmp)
    __fpl_fcmp_Inf                           0x08004ad5   Thumb Code    24  fcmpi.o(x$fpl$fcmpinf)
    __aeabi_fdiv                             0x08004aed   Thumb Code     0  fdiv.o(x$fpl$fdiv)
    _fdiv                                    0x08004aed   Thumb Code   384  fdiv.o(x$fpl$fdiv)
    __aeabi_cfcmpeq                          0x08004c71   Thumb Code     0  feqf.o(x$fpl$feqf)
    _fcmpeq                                  0x08004c71   Thumb Code   104  feqf.o(x$fpl$feqf)
    __aeabi_i2f                              0x08004cd9   Thumb Code     0  fflt_clz.o(x$fpl$fflt)
    _fflt                                    0x08004cd9   Thumb Code    48  fflt_clz.o(x$fpl$fflt)
    __aeabi_ui2f                             0x08004d09   Thumb Code     0  fflt_clz.o(x$fpl$ffltu)
    _ffltu                                   0x08004d09   Thumb Code    38  fflt_clz.o(x$fpl$ffltu)
    _fcmpge                                  0x08004d31   Thumb Code   104  fgeqf.o(x$fpl$fgeqf)
    __aeabi_cfcmple                          0x08004d99   Thumb Code     0  fleqf.o(x$fpl$fleqf)
    _fcmple                                  0x08004d99   Thumb Code   104  fleqf.o(x$fpl$fleqf)
    __fpl_fcmple_InfNaN                      0x08004deb   Thumb Code     0  fleqf.o(x$fpl$fleqf)
    __aeabi_fmul                             0x08004e01   Thumb Code     0  fmul.o(x$fpl$fmul)
    _fmul                                    0x08004e01   Thumb Code   258  fmul.o(x$fpl$fmul)
    __fpl_fnaninf                            0x08004f03   Thumb Code   140  fnaninf.o(x$fpl$fnaninf)
    __fpl_fretinf                            0x08004f8f   Thumb Code    10  fretinf.o(x$fpl$fretinf)
    __aeabi_fsub                             0x08004f99   Thumb Code     0  faddsub_clz.o(x$fpl$fsub)
    _fsub                                    0x08004f99   Thumb Code   234  faddsub_clz.o(x$fpl$fsub)
    _printf_fp_dec                           0x08005083   Thumb Code     4  printf1.o(x$fpl$printf1)
    _printf_fp_hex                           0x08005087   Thumb Code     4  printf2.o(x$fpl$printf2)
    __I$use$fp                               0x0800508a   Number         0  usenofp.o(x$fpl$usenofp)
    OLED_CF16x16                             0x0800519c   Data         432  oled_data.o(.rodata.OLED_CF16x16)
    OLED_F6x8                                0x0800534c   Data         570  oled_data.o(.rodata.OLED_F6x8)
    OLED_F8x16                               0x08005586   Data        1520  oled_data.o(.rodata.OLED_F8x16)
    Region$$Table$$Base                      0x08005c24   Number         0  anon$$obj.o(Region$$Table)
    Region$$Table$$Limit                     0x08005c44   Number         0  anon$$obj.o(Region$$Table)
    __ctype                                  0x08005c51   Data           0  lc_ctype_c.o(locale$$data)
    Hope_T                                   0x20000000   Data           4  main.o(.data.Hope_T)
    __libspace_start                         0x20000008   Data          96  libspace.o(.bss)
    OLED_DisplayBuf                          0x20000068   Data        1024  oled.o(.bss.OLED_DisplayBuf)
    __temporary_stack_top$libspace           0x20000068   Data           0  libspace.o(.bss)
    Serial_RxFlag                            0x20000468   Data           1  serial.o(.bss.Serial_RxFlag)
    Serial_RxPacket                          0x20000469   Data         100  serial.o(.bss.Serial_RxPacket)
    Water_L                                  0x200004d0   Data           4  main.o(.bss.Water_L)
    Water_Q                                  0x200004d4   Data           4  main.o(.bss.Water_Q)
    Water_T                                  0x200004d8   Data           4  main.o(.bss.Water_T)



==============================================================================

Memory Map of the image

  Image Entry point : 0x080000ed

  Load Region LR_IROM1 (Base: 0x08000000, Size: 0x00005d78, Max: 0x00010000, ABSOLUTE)

    Execution Region ER_IROM1 (Exec base: 0x08000000, Load base: 0x08000000, Size: 0x00005d70, Max: 0x00010000, ABSOLUTE)

    Exec Addr    Load Addr    Size         Type   Attr      Idx    E Section Name        Object

    0x08000000   0x08000000   0x000000ec   Data   RO          496    RESET               startup_stm32f10x_md.o
    0x080000ec   0x080000ec   0x00000008   Code   RO          530  * !!!main             c_w.l(__main.o)
    0x080000f4   0x080000f4   0x0000005c   Code   RO          994    !!!scatter          c_w.l(__scatter.o)
    0x08000150   0x08000150   0x0000001a   Code   RO          998    !!handler_copy      c_w.l(__scatter_copy.o)
    0x0800016a   0x0800016a   0x00000002   PAD
    0x0800016c   0x0800016c   0x00000002   Code   RO          995    !!handler_null      c_w.l(__scatter.o)
    0x0800016e   0x0800016e   0x00000002   PAD
    0x08000170   0x08000170   0x0000001c   Code   RO         1000    !!handler_zi        c_w.l(__scatter_zi.o)
    0x0800018c   0x0800018c   0x00000000   Code   RO          679    .ARM.Collect$$_printf_percent$$00000000  c_w.l(_printf_percent.o)
    0x0800018c   0x0800018c   0x00000006   Code   RO          668    .ARM.Collect$$_printf_percent$$00000001  c_w.l(_printf_n.o)
    0x08000192   0x08000192   0x00000006   Code   RO          670    .ARM.Collect$$_printf_percent$$00000002  c_w.l(_printf_p.o)
    0x08000198   0x08000198   0x00000006   Code   RO          675    .ARM.Collect$$_printf_percent$$00000003  c_w.l(_printf_f.o)
    0x0800019e   0x0800019e   0x00000006   Code   RO          676    .ARM.Collect$$_printf_percent$$00000004  c_w.l(_printf_e.o)
    0x080001a4   0x080001a4   0x00000006   Code   RO          677    .ARM.Collect$$_printf_percent$$00000005  c_w.l(_printf_g.o)
    0x080001aa   0x080001aa   0x00000006   Code   RO          678    .ARM.Collect$$_printf_percent$$00000006  c_w.l(_printf_a.o)
    0x080001b0   0x080001b0   0x0000000a   Code   RO          683    .ARM.Collect$$_printf_percent$$00000007  c_w.l(_printf_ll.o)
    0x080001ba   0x080001ba   0x00000006   Code   RO          672    .ARM.Collect$$_printf_percent$$00000008  c_w.l(_printf_i.o)
    0x080001c0   0x080001c0   0x00000006   Code   RO          673    .ARM.Collect$$_printf_percent$$00000009  c_w.l(_printf_d.o)
    0x080001c6   0x080001c6   0x00000006   Code   RO          674    .ARM.Collect$$_printf_percent$$0000000A  c_w.l(_printf_u.o)
    0x080001cc   0x080001cc   0x00000006   Code   RO          671    .ARM.Collect$$_printf_percent$$0000000B  c_w.l(_printf_o.o)
    0x080001d2   0x080001d2   0x00000006   Code   RO          669    .ARM.Collect$$_printf_percent$$0000000C  c_w.l(_printf_x.o)
    0x080001d8   0x080001d8   0x00000006   Code   RO          680    .ARM.Collect$$_printf_percent$$0000000D  c_w.l(_printf_lli.o)
    0x080001de   0x080001de   0x00000006   Code   RO          681    .ARM.Collect$$_printf_percent$$0000000E  c_w.l(_printf_lld.o)
    0x080001e4   0x080001e4   0x00000006   Code   RO          682    .ARM.Collect$$_printf_percent$$0000000F  c_w.l(_printf_llu.o)
    0x080001ea   0x080001ea   0x00000006   Code   RO          687    .ARM.Collect$$_printf_percent$$00000010  c_w.l(_printf_llo.o)
    0x080001f0   0x080001f0   0x00000006   Code   RO          688    .ARM.Collect$$_printf_percent$$00000011  c_w.l(_printf_llx.o)
    0x080001f6   0x080001f6   0x0000000a   Code   RO          684    .ARM.Collect$$_printf_percent$$00000012  c_w.l(_printf_l.o)
    0x08000200   0x08000200   0x00000006   Code   RO          666    .ARM.Collect$$_printf_percent$$00000013  c_w.l(_printf_c.o)
    0x08000206   0x08000206   0x00000006   Code   RO          667    .ARM.Collect$$_printf_percent$$00000014  c_w.l(_printf_s.o)
    0x0800020c   0x0800020c   0x00000006   Code   RO          685    .ARM.Collect$$_printf_percent$$00000015  c_w.l(_printf_lc.o)
    0x08000212   0x08000212   0x00000006   Code   RO          686    .ARM.Collect$$_printf_percent$$00000016  c_w.l(_printf_ls.o)
    0x08000218   0x08000218   0x00000004   Code   RO          781    .ARM.Collect$$_printf_percent$$00000017  c_w.l(_printf_percent_end.o)
    0x0800021c   0x0800021c   0x00000002   Code   RO          847    .ARM.Collect$$libinit$$00000000  c_w.l(libinit.o)
    0x0800021e   0x0800021e   0x00000000   Code   RO          857    .ARM.Collect$$libinit$$00000002  c_w.l(libinit2.o)
    0x0800021e   0x0800021e   0x00000000   Code   RO          859    .ARM.Collect$$libinit$$00000004  c_w.l(libinit2.o)
    0x0800021e   0x0800021e   0x00000000   Code   RO          861    .ARM.Collect$$libinit$$00000006  c_w.l(libinit2.o)
    0x0800021e   0x0800021e   0x00000000   Code   RO          864    .ARM.Collect$$libinit$$0000000C  c_w.l(libinit2.o)
    0x0800021e   0x0800021e   0x00000000   Code   RO          866    .ARM.Collect$$libinit$$0000000E  c_w.l(libinit2.o)
    0x0800021e   0x0800021e   0x00000000   Code   RO          868    .ARM.Collect$$libinit$$00000010  c_w.l(libinit2.o)
    0x0800021e   0x0800021e   0x00000006   Code   RO          869    .ARM.Collect$$libinit$$00000011  c_w.l(libinit2.o)
    0x08000224   0x08000224   0x00000000   Code   RO          871    .ARM.Collect$$libinit$$00000013  c_w.l(libinit2.o)
    0x08000224   0x08000224   0x0000000c   Code   RO          872    .ARM.Collect$$libinit$$00000014  c_w.l(libinit2.o)
    0x08000230   0x08000230   0x00000000   Code   RO          873    .ARM.Collect$$libinit$$00000015  c_w.l(libinit2.o)
    0x08000230   0x08000230   0x00000000   Code   RO          875    .ARM.Collect$$libinit$$00000017  c_w.l(libinit2.o)
    0x08000230   0x08000230   0x0000000a   Code   RO          876    .ARM.Collect$$libinit$$00000018  c_w.l(libinit2.o)
    0x0800023a   0x0800023a   0x00000000   Code   RO          877    .ARM.Collect$$libinit$$00000019  c_w.l(libinit2.o)
    0x0800023a   0x0800023a   0x00000000   Code   RO          879    .ARM.Collect$$libinit$$0000001B  c_w.l(libinit2.o)
    0x0800023a   0x0800023a   0x00000000   Code   RO          881    .ARM.Collect$$libinit$$0000001D  c_w.l(libinit2.o)
    0x0800023a   0x0800023a   0x00000000   Code   RO          883    .ARM.Collect$$libinit$$0000001F  c_w.l(libinit2.o)
    0x0800023a   0x0800023a   0x00000000   Code   RO          885    .ARM.Collect$$libinit$$00000021  c_w.l(libinit2.o)
    0x0800023a   0x0800023a   0x00000000   Code   RO          887    .ARM.Collect$$libinit$$00000023  c_w.l(libinit2.o)
    0x0800023a   0x0800023a   0x00000000   Code   RO          889    .ARM.Collect$$libinit$$00000025  c_w.l(libinit2.o)
    0x0800023a   0x0800023a   0x00000000   Code   RO          891    .ARM.Collect$$libinit$$00000027  c_w.l(libinit2.o)
    0x0800023a   0x0800023a   0x00000000   Code   RO          895    .ARM.Collect$$libinit$$0000002E  c_w.l(libinit2.o)
    0x0800023a   0x0800023a   0x00000000   Code   RO          897    .ARM.Collect$$libinit$$00000030  c_w.l(libinit2.o)
    0x0800023a   0x0800023a   0x00000000   Code   RO          899    .ARM.Collect$$libinit$$00000032  c_w.l(libinit2.o)
    0x0800023a   0x0800023a   0x00000000   Code   RO          901    .ARM.Collect$$libinit$$00000034  c_w.l(libinit2.o)
    0x0800023a   0x0800023a   0x00000002   Code   RO          902    .ARM.Collect$$libinit$$00000035  c_w.l(libinit2.o)
    0x0800023c   0x0800023c   0x00000002   Code   RO          930    .ARM.Collect$$libshutdown$$00000000  c_w.l(libshutdown.o)
    0x0800023e   0x0800023e   0x00000000   Code   RO          945    .ARM.Collect$$libshutdown$$00000002  c_w.l(libshutdown2.o)
    0x0800023e   0x0800023e   0x00000000   Code   RO          947    .ARM.Collect$$libshutdown$$00000004  c_w.l(libshutdown2.o)
    0x0800023e   0x0800023e   0x00000000   Code   RO          950    .ARM.Collect$$libshutdown$$00000007  c_w.l(libshutdown2.o)
    0x0800023e   0x0800023e   0x00000000   Code   RO          953    .ARM.Collect$$libshutdown$$0000000A  c_w.l(libshutdown2.o)
    0x0800023e   0x0800023e   0x00000000   Code   RO          955    .ARM.Collect$$libshutdown$$0000000C  c_w.l(libshutdown2.o)
    0x0800023e   0x0800023e   0x00000000   Code   RO          958    .ARM.Collect$$libshutdown$$0000000F  c_w.l(libshutdown2.o)
    0x0800023e   0x0800023e   0x00000002   Code   RO          959    .ARM.Collect$$libshutdown$$00000010  c_w.l(libshutdown2.o)
    0x08000240   0x08000240   0x00000000   Code   RO          590    .ARM.Collect$$rtentry$$00000000  c_w.l(__rtentry.o)
    0x08000240   0x08000240   0x00000000   Code   RO          748    .ARM.Collect$$rtentry$$00000002  c_w.l(__rtentry2.o)
    0x08000240   0x08000240   0x00000006   Code   RO          760    .ARM.Collect$$rtentry$$00000004  c_w.l(__rtentry4.o)
    0x08000246   0x08000246   0x00000000   Code   RO          750    .ARM.Collect$$rtentry$$00000009  c_w.l(__rtentry2.o)
    0x08000246   0x08000246   0x00000004   Code   RO          751    .ARM.Collect$$rtentry$$0000000A  c_w.l(__rtentry2.o)
    0x0800024a   0x0800024a   0x00000000   Code   RO          753    .ARM.Collect$$rtentry$$0000000C  c_w.l(__rtentry2.o)
    0x0800024a   0x0800024a   0x00000008   Code   RO          754    .ARM.Collect$$rtentry$$0000000D  c_w.l(__rtentry2.o)
    0x08000252   0x08000252   0x00000002   Code   RO          852    .ARM.Collect$$rtexit$$00000000  c_w.l(rtexit.o)
    0x08000254   0x08000254   0x00000000   Code   RO          906    .ARM.Collect$$rtexit$$00000002  c_w.l(rtexit2.o)
    0x08000254   0x08000254   0x00000004   Code   RO          907    .ARM.Collect$$rtexit$$00000003  c_w.l(rtexit2.o)
    0x08000258   0x08000258   0x00000006   Code   RO          908    .ARM.Collect$$rtexit$$00000004  c_w.l(rtexit2.o)
    0x0800025e   0x0800025e   0x00000002   PAD
    0x08000260   0x08000260   0x00000040   Code   RO          497    .text               startup_stm32f10x_md.o
    0x080002a0   0x080002a0   0x00000024   Code   RO          522    .text               c_w.l(vsprintf.o)
    0x080002c4   0x080002c4   0x0000001a   Code   RO          524    .text               c_w.l(atol.o)
    0x080002de   0x080002de   0x00000002   PAD
    0x080002e0   0x080002e0   0x00000080   Code   RO          526    .text               c_w.l(strcmpv7m.o)
    0x08000360   0x08000360   0x00000006   Code   RO          528    .text               c_w.l(heapauxi.o)
    0x08000366   0x08000366   0x00000002   PAD
    0x08000368   0x08000368   0x00000008   Code   RO          594    .text               c_w.l(rt_errno_addr_intlibspace.o)
    0x08000370   0x08000370   0x0000004e   Code   RO          600    .text               c_w.l(_printf_pad.o)
    0x080003be   0x080003be   0x00000024   Code   RO          602    .text               c_w.l(_printf_truncate.o)
    0x080003e2   0x080003e2   0x00000052   Code   RO          604    .text               c_w.l(_printf_str.o)
    0x08000434   0x08000434   0x00000078   Code   RO          606    .text               c_w.l(_printf_dec.o)
    0x080004ac   0x080004ac   0x00000028   Code   RO          608    .text               c_w.l(_printf_charcount.o)
    0x080004d4   0x080004d4   0x00000030   Code   RO          610    .text               c_w.l(_printf_char_common.o)
    0x08000504   0x08000504   0x0000000a   Code   RO          612    .text               c_w.l(_sputc.o)
    0x0800050e   0x0800050e   0x00000002   PAD
    0x08000510   0x08000510   0x000000bc   Code   RO          614    .text               c_w.l(_printf_wctomb.o)
    0x080005cc   0x080005cc   0x0000007c   Code   RO          617    .text               c_w.l(_printf_longlong_dec.o)
    0x08000648   0x08000648   0x00000070   Code   RO          623    .text               c_w.l(_printf_oct_int_ll.o)
    0x080006b8   0x080006b8   0x00000094   Code   RO          643    .text               c_w.l(_printf_hex_int_ll_ptr.o)
    0x0800074c   0x0800074c   0x00000188   Code   RO          663    .text               c_w.l(__printf_flags_ss_wp.o)
    0x080008d4   0x080008d4   0x00000070   Code   RO          689    .text               c_w.l(strtol.o)
    0x08000944   0x08000944   0x00000008   Code   RO          744    .text               c_w.l(libspace.o)
    0x0800094c   0x0800094c   0x00000010   Code   RO          762    .text               c_w.l(rt_ctype_table.o)
    0x0800095c   0x0800095c   0x0000008a   Code   RO          764    .text               c_w.l(lludiv10.o)
    0x080009e6   0x080009e6   0x000000b2   Code   RO          766    .text               c_w.l(_printf_intcommon.o)
    0x08000a98   0x08000a98   0x0000041c   Code   RO          768    .text               c_w.l(_printf_fp_dec.o)
    0x08000eb4   0x08000eb4   0x000002fc   Code   RO          772    .text               c_w.l(_printf_fp_hex.o)
    0x080011b0   0x080011b0   0x0000002c   Code   RO          777    .text               c_w.l(_printf_char.o)
    0x080011dc   0x080011dc   0x0000002c   Code   RO          779    .text               c_w.l(_printf_wchar.o)
    0x08001208   0x08001208   0x0000009e   Code   RO          782    .text               c_w.l(_strtoul.o)
    0x080012a6   0x080012a6   0x00000048   Code   RO          784    .text               c_w.l(_c16rtomb.o)
    0x080012ee   0x080012ee   0x0000004a   Code   RO          796    .text               c_w.l(sys_stackheap_outer.o)
    0x08001338   0x08001338   0x00000008   Code   RO          801    .text               c_w.l(rt_locale_intlibspace.o)
    0x08001340   0x08001340   0x00000080   Code   RO          803    .text               c_w.l(_printf_fp_infnan.o)
    0x080013c0   0x080013c0   0x0000001c   Code   RO          805    .text               c_w.l(_chval.o)
    0x080013dc   0x080013dc   0x000000e4   Code   RO          807    .text               c_w.l(bigflt0.o)
    0x080014c0   0x080014c0   0x00000012   Code   RO          840    .text               c_w.l(exit.o)
    0x080014d2   0x080014d2   0x00000002   PAD
    0x080014d4   0x080014d4   0x0000000c   Code   RO          920    .text               c_w.l(sys_exit.o)
    0x080014e0   0x080014e0   0x00000002   Code   RO          935    .text               c_w.l(use_no_semi.o)
    0x080014e2   0x080014e2   0x00000000   Code   RO          937    .text               c_w.l(indicate_semi.o)
    0x080014e2   0x080014e2   0x00000002   PAD
    0x080014e4   0x080014e4   0x0000002c   Code   RO          241    .text.ADC_Cmd       stm32f10x_adc.o
    0x08001510   0x08001510   0x0000002e   Code   RO          253    .text.ADC_GetCalibrationStatus  stm32f10x_adc.o
    0x0800153e   0x0800153e   0x00000002   PAD
    0x08001540   0x08001540   0x0000000e   Code   RO          267    .text.ADC_GetConversionValue  stm32f10x_adc.o
    0x0800154e   0x0800154e   0x00000002   PAD
    0x08001550   0x08001550   0x00000034   Code   RO          299    .text.ADC_GetFlagStatus  stm32f10x_adc.o
    0x08001584   0x08001584   0x0000002e   Code   RO          249    .text.ADC_GetResetCalibrationStatus  stm32f10x_adc.o
    0x080015b2   0x080015b2   0x00000002   PAD
    0x080015b4   0x080015b4   0x0000009a   Code   RO          237    .text.ADC_Init      stm32f10x_adc.o
    0x0800164e   0x0800164e   0x00000002   PAD
    0x08001650   0x08001650   0x0000017c   Code   RO          263    .text.ADC_RegularChannelConfig  stm32f10x_adc.o
    0x080017cc   0x080017cc   0x00000012   Code   RO          247    .text.ADC_ResetCalibration  stm32f10x_adc.o
    0x080017de   0x080017de   0x00000002   PAD
    0x080017e0   0x080017e0   0x0000002c   Code   RO          255    .text.ADC_SoftwareStartConvCmd  stm32f10x_adc.o
    0x0800180c   0x0800180c   0x00000012   Code   RO          251    .text.ADC_StartCalibration  stm32f10x_adc.o
    0x0800181e   0x0800181e   0x00000002   PAD
    0x08001820   0x08001820   0x0000004e   Code   RO          180    .text.AD_GetValue   water_ad.o
    0x0800186e   0x0800186e   0x00000002   PAD
    0x08001870   0x08001870   0x000000b4   Code   RO          178    .text.AD_Init       water_ad.o
    0x08001924   0x08001924   0x00000040   Code   RO          197    .text.Change_Relays  main.o
    0x08001964   0x08001964   0x000000a2   Code   RO           33    .text.DS18B20_Get_Temp  ds18b20.o
    0x08001a06   0x08001a06   0x00000002   PAD
    0x08001a08   0x08001a08   0x00000024   Code   RO           35    .text.DS18B20_Mode_IPU  ds18b20.o
    0x08001a2c   0x08001a2c   0x0000002a   Code   RO           21    .text.DS18B20_Mode_Out_PP  ds18b20.o
    0x08001a56   0x08001a56   0x00000002   PAD
    0x08001a58   0x08001a58   0x000000d6   Code   RO           27    .text.DS18B20_Presence  ds18b20.o
    0x08001b2e   0x08001b2e   0x00000002   PAD
    0x08001b30   0x08001b30   0x00000052   Code   RO           17    .text.DS18B20_Read_Bit  ds18b20.o
    0x08001b82   0x08001b82   0x00000002   PAD
    0x08001b84   0x08001b84   0x0000004c   Code   RO           15    .text.DS18B20_Read_Byte  ds18b20.o
    0x08001bd0   0x08001bd0   0x00000036   Code   RO           25    .text.DS18B20_Rst   ds18b20.o
    0x08001c06   0x08001c06   0x00000002   PAD
    0x08001c08   0x08001c08   0x000000a2   Code   RO           19    .text.DS18B20_Write_Byte  ds18b20.o
    0x08001caa   0x08001caa   0x00000002   PAD
    0x08001cac   0x08001cac   0x00000020   Code   RO            4    .text.Delay_ms      delay.o
    0x08001ccc   0x08001ccc   0x00000054   Code   RO            2    .text.Delay_us      delay.o
    0x08001d20   0x08001d20   0x00000186   Code   RO          318    .text.GPIO_Init     stm32f10x_gpio.o
    0x08001ea6   0x08001ea6   0x00000002   PAD
    0x08001ea8   0x08001ea8   0x00000034   Code   RO          322    .text.GPIO_ReadInputDataBit  stm32f10x_gpio.o
    0x08001edc   0x08001edc   0x00000014   Code   RO          332    .text.GPIO_ResetBits  stm32f10x_gpio.o
    0x08001ef0   0x08001ef0   0x00000014   Code   RO          330    .text.GPIO_SetBits  stm32f10x_gpio.o
    0x08001f04   0x08001f04   0x0000002c   Code   RO          334    .text.GPIO_WriteBit  stm32f10x_gpio.o
    0x08001f30   0x08001f30   0x00000058   Code   RO          182    .text.Get_Adc_Average  water_ad.o
    0x08001f88   0x08001f88   0x0000002c   Code   RO          195    .text.Get_Water_L   main.o
    0x08001fb4   0x08001fb4   0x0000002c   Code   RO          193    .text.Get_Water_Q   main.o
    0x08001fe0   0x08001fe0   0x00000012   Code   RO          191    .text.Get_Water_T   main.o
    0x08001ff2   0x08001ff2   0x00000002   PAD
    0x08001ff4   0x08001ff4   0x00000048   Code   RO          199    .text.Is_All_Digit  main.o
    0x0800203c   0x0800203c   0x000000a6   Code   RO          220    .text.NVIC_Init     misc.o
    0x080020e2   0x080020e2   0x00000002   PAD
    0x080020e4   0x080020e4   0x0000001c   Code   RO          218    .text.NVIC_PriorityGroupConfig  misc.o
    0x08002100   0x08002100   0x0000005e   Code   RO           62    .text.OLED_Clear    oled.o
    0x0800215e   0x0800215e   0x00000002   PAD
    0x08002160   0x08002160   0x000000c8   Code   RO           76    .text.OLED_ClearArea  oled.o
    0x08002228   0x08002228   0x00000088   Code   RO           48    .text.OLED_GPIO_Init  oled.o
    0x080022b0   0x080022b0   0x00000056   Code   RO           54    .text.OLED_I2C_SendByte  oled.o
    0x08002306   0x08002306   0x00000002   PAD
    0x08002308   0x08002308   0x00000024   Code   RO           50    .text.OLED_I2C_Start  oled.o
    0x0800232c   0x0800232c   0x0000001c   Code   RO           52    .text.OLED_I2C_Stop  oled.o
    0x08002348   0x08002348   0x0000009a   Code   RO           60    .text.OLED_Init     oled.o
    0x080023e2   0x080023e2   0x00000002   PAD
    0x080023e4   0x080023e4   0x00000026   Code   RO           68    .text.OLED_Pow      oled.o
    0x0800240a   0x0800240a   0x00000002   PAD
    0x0800240c   0x0800240c   0x00000034   Code   RO           66    .text.OLED_SetCursor  oled.o
    0x08002440   0x08002440   0x00000084   Code   RO           82    .text.OLED_ShowChar  oled.o
    0x080024c4   0x080024c4   0x00000104   Code   RO           98    .text.OLED_ShowChinese  oled.o
    0x080025c8   0x080025c8   0x000001a6   Code   RO           96    .text.OLED_ShowFloatNum  oled.o
    0x0800276e   0x0800276e   0x00000002   PAD
    0x08002770   0x08002770   0x000001c2   Code   RO           84    .text.OLED_ShowImage  oled.o
    0x08002932   0x08002932   0x00000002   PAD
    0x08002934   0x08002934   0x0000009c   Code   RO           88    .text.OLED_ShowNum  oled.o
    0x080029d0   0x080029d0   0x00000058   Code   RO           86    .text.OLED_ShowString  oled.o
    0x08002a28   0x08002a28   0x00000048   Code   RO           64    .text.OLED_Update   oled.o
    0x08002a70   0x08002a70   0x00000020   Code   RO           44    .text.OLED_W_SCL    oled.o
    0x08002a90   0x08002a90   0x00000020   Code   RO           46    .text.OLED_W_SDA    oled.o
    0x08002ab0   0x08002ab0   0x00000028   Code   RO           56    .text.OLED_WriteCommand  oled.o
    0x08002ad8   0x08002ad8   0x00000052   Code   RO           58    .text.OLED_WriteData  oled.o
    0x08002b2a   0x08002b2a   0x00000002   PAD
    0x08002b2c   0x08002b2c   0x0000002c   Code   RO          387    .text.RCC_ADCCLKConfig  stm32f10x_rcc.o
    0x08002b58   0x08002b58   0x00000038   Code   RO          401    .text.RCC_APB2PeriphClockCmd  stm32f10x_rcc.o
    0x08002b90   0x08002b90   0x00000172   Code   RO          397    .text.RCC_GetClocksFreq  stm32f10x_rcc.o
    0x08002d02   0x08002d02   0x00000002   PAD
    0x08002d04   0x08002d04   0x00000032   Code   RO          136    .text.Relay_init    relays.o
    0x08002d36   0x08002d36   0x00000002   PAD
    0x08002d38   0x08002d38   0x00000014   Code   RO          140    .text.Relay_off     relays.o
    0x08002d4c   0x08002d4c   0x00000014   Code   RO          138    .text.Relay_on      relays.o
    0x08002d60   0x08002d60   0x00000102   Code   RO          201    .text.Serial_Check  main.o
    0x08002e62   0x08002e62   0x00000002   PAD
    0x08002e64   0x08002e64   0x000000c4   Code   RO          149    .text.Serial_Init   serial.o
    0x08002f28   0x08002f28   0x0000002e   Code   RO          163    .text.Serial_Printf  serial.o
    0x08002f56   0x08002f56   0x00000002   PAD
    0x08002f58   0x08002f58   0x00000032   Code   RO          151    .text.Serial_SendByte  serial.o
    0x08002f8a   0x08002f8a   0x00000002   PAD
    0x08002f8c   0x08002f8c   0x00000038   Code   RO          155    .text.Serial_SendString  serial.o
    0x08002fc4   0x08002fc4   0x00000008   Code   RO          506    .text.SetSysClock   system_stm32f10x.o
    0x08002fcc   0x08002fcc   0x00000122   Code   RO          510    .text.SetSysClockTo72  system_stm32f10x.o
    0x080030ee   0x080030ee   0x00000002   PAD
    0x080030f0   0x080030f0   0x00000066   Code   RO          504    .text.SystemInit    system_stm32f10x.o
    0x08003156   0x08003156   0x00000002   PAD
    0x08003158   0x08003158   0x0000011a   Code   RO          165    .text.USART1_IRQHandler  serial.o
    0x08003272   0x08003272   0x00000002   PAD
    0x08003274   0x08003274   0x00000044   Code   RO          486    .text.USART_ClearITPendingBit  stm32f10x_usart.o
    0x080032b8   0x080032b8   0x0000002c   Code   RO          440    .text.USART_Cmd     stm32f10x_usart.o
    0x080032e4   0x080032e4   0x00000044   Code   RO          480    .text.USART_GetFlagStatus  stm32f10x_usart.o
    0x08003328   0x08003328   0x000000b0   Code   RO          484    .text.USART_GetITStatus  stm32f10x_usart.o
    0x080033d8   0x080033d8   0x00000092   Code   RO          442    .text.USART_ITConfig  stm32f10x_usart.o
    0x0800346a   0x0800346a   0x00000002   PAD
    0x0800346c   0x0800346c   0x0000015c   Code   RO          432    .text.USART_Init    stm32f10x_usart.o
    0x080035c8   0x080035c8   0x00000010   Code   RO          458    .text.USART_ReceiveData  stm32f10x_usart.o
    0x080035d8   0x080035d8   0x00000018   Code   RO          456    .text.USART_SendData  stm32f10x_usart.o
    0x080035f0   0x080035f0   0x00000176   Code   RO          203    .text.main          main.o
    0x08003766   0x08003766   0x0000003e   Code   RO          810    CL$$btod_d2e        c_w.l(btod.o)
    0x080037a4   0x080037a4   0x00000046   Code   RO          812    CL$$btod_d2e_denorm_low  c_w.l(btod.o)
    0x080037ea   0x080037ea   0x00000060   Code   RO          811    CL$$btod_d2e_norm_op1  c_w.l(btod.o)
    0x0800384a   0x0800384a   0x00000002   PAD
    0x0800384c   0x0800384c   0x00000338   Code   RO          820    CL$$btod_div_common  c_w.l(btod.o)
    0x08003b84   0x08003b84   0x000000dc   Code   RO          817    CL$$btod_e2e        c_w.l(btod.o)
    0x08003c60   0x08003c60   0x0000002a   Code   RO          814    CL$$btod_ediv       c_w.l(btod.o)
    0x08003c8a   0x08003c8a   0x0000002a   Code   RO          813    CL$$btod_emul       c_w.l(btod.o)
    0x08003cb4   0x08003cb4   0x00000244   Code   RO          819    CL$$btod_mult_common  c_w.l(btod.o)
    0x08003ef8   0x08003ef8   0x00000028   Code   RO          792    i.__ARM_fpclassify  m_ws.l(fpclassify.o)
    0x08003f20   0x08003f20   0x0000000e   Code   RO          656    i._is_digit         c_w.l(__printf_wp.o)
    0x08003f2e   0x08003f2e   0x00000002   PAD
    0x08003f30   0x08003f30   0x00000094   Code   RO          588    i.round             m_ws.l(round.o)
    0x08003fc4   0x08003fc4   0x0000002c   Code   RO          835    locale$$code        c_w.l(lc_ctype_c.o)
    0x08003ff0   0x08003ff0   0x0000002c   Code   RO          838    locale$$code        c_w.l(lc_numeric_c.o)
    0x0800401c   0x0800401c   0x00000062   Code   RO          532    x$fpl$d2f           fz_ws.l(d2f.o)
    0x0800407e   0x0800407e   0x00000002   PAD
    0x08004080   0x08004080   0x00000150   Code   RO          534    x$fpl$dadd          fz_ws.l(daddsub_clz.o)
    0x080041d0   0x080041d0   0x00000018   Code   RO          786    x$fpl$dcmpinf       fz_ws.l(dcmpi.o)
    0x080041e8   0x080041e8   0x00000078   Code   RO          691    x$fpl$deqf          fz_ws.l(deqf.o)
    0x08004260   0x08004260   0x0000005a   Code   RO          550    x$fpl$dfixu         fz_ws.l(dfixu.o)
    0x080042ba   0x080042ba   0x0000002e   Code   RO          555    x$fpl$dflt          fz_ws.l(dflt_clz.o)
    0x080042e8   0x080042e8   0x00000026   Code   RO          554    x$fpl$dfltu         fz_ws.l(dflt_clz.o)
    0x0800430e   0x0800430e   0x00000002   PAD
    0x08004310   0x08004310   0x00000078   Code   RO          693    x$fpl$dgeqf         fz_ws.l(dgeqf.o)
    0x08004388   0x08004388   0x00000078   Code   RO          695    x$fpl$dleqf         fz_ws.l(dleqf.o)
    0x08004400   0x08004400   0x00000154   Code   RO          560    x$fpl$dmul          fz_ws.l(dmul.o)
    0x08004554   0x08004554   0x0000009c   Code   RO          697    x$fpl$dnaninf       fz_ws.l(dnaninf.o)
    0x080045f0   0x080045f0   0x0000000c   Code   RO          699    x$fpl$dretinf       fz_ws.l(dretinf.o)
    0x080045fc   0x080045fc   0x0000006c   Code   RO          701    x$fpl$drleqf        fz_ws.l(drleqf.o)
    0x08004668   0x08004668   0x000000b4   Code   RO          703    x$fpl$drnd          fz_ws.l(drnd.o)
    0x0800471c   0x0800471c   0x00000016   Code   RO          535    x$fpl$drsb          fz_ws.l(daddsub_clz.o)
    0x08004732   0x08004732   0x00000002   PAD
    0x08004734   0x08004734   0x000001dc   Code   RO          536    x$fpl$dsub          fz_ws.l(daddsub_clz.o)
    0x08004910   0x08004910   0x00000056   Code   RO          562    x$fpl$f2d           fz_ws.l(f2d.o)
    0x08004966   0x08004966   0x00000002   PAD
    0x08004968   0x08004968   0x000000c4   Code   RO          564    x$fpl$fadd          fz_ws.l(faddsub_clz.o)
    0x08004a2c   0x08004a2c   0x00000054   Code   RO          540    x$fpl$fcmp          fz_ws.l(dcmp.o)
    0x08004a80   0x08004a80   0x00000054   Code   RO          570    x$fpl$fcmp          fz_ws.l(fcmp.o)
    0x08004ad4   0x08004ad4   0x00000018   Code   RO          788    x$fpl$fcmpinf       fz_ws.l(fcmpi.o)
    0x08004aec   0x08004aec   0x00000184   Code   RO          573    x$fpl$fdiv          fz_ws.l(fdiv.o)
    0x08004c70   0x08004c70   0x00000068   Code   RO          705    x$fpl$feqf          fz_ws.l(feqf.o)
    0x08004cd8   0x08004cd8   0x00000030   Code   RO          577    x$fpl$fflt          fz_ws.l(fflt_clz.o)
    0x08004d08   0x08004d08   0x00000026   Code   RO          576    x$fpl$ffltu         fz_ws.l(fflt_clz.o)
    0x08004d2e   0x08004d2e   0x00000002   PAD
    0x08004d30   0x08004d30   0x00000068   Code   RO          707    x$fpl$fgeqf         fz_ws.l(fgeqf.o)
    0x08004d98   0x08004d98   0x00000068   Code   RO          709    x$fpl$fleqf         fz_ws.l(fleqf.o)
    0x08004e00   0x08004e00   0x00000102   Code   RO          582    x$fpl$fmul          fz_ws.l(fmul.o)
    0x08004f02   0x08004f02   0x0000008c   Code   RO          711    x$fpl$fnaninf       fz_ws.l(fnaninf.o)
    0x08004f8e   0x08004f8e   0x0000000a   Code   RO          713    x$fpl$fretinf       fz_ws.l(fretinf.o)
    0x08004f98   0x08004f98   0x000000ea   Code   RO          566    x$fpl$fsub          fz_ws.l(faddsub_clz.o)
    0x08005082   0x08005082   0x00000004   Code   RO          715    x$fpl$printf1       fz_ws.l(printf1.o)
    0x08005086   0x08005086   0x00000004   Code   RO          717    x$fpl$printf2       fz_ws.l(printf2.o)
    0x0800508a   0x0800508a   0x00000000   Code   RO          723    x$fpl$usenofp       fz_ws.l(usenofp.o)
    0x0800508a   0x0800508a   0x00000002   PAD
    0x0800508c   0x0800508c   0x00000008   Data   RO          615    .constdata          c_w.l(_printf_wctomb.o)
    0x08005094   0x08005094   0x00000028   Data   RO          644    .constdata          c_w.l(_printf_hex_int_ll_ptr.o)
    0x080050bc   0x080050bc   0x00000011   Data   RO          664    .constdata          c_w.l(__printf_flags_ss_wp.o)
    0x080050cd   0x080050cd   0x00000026   Data   RO          773    .constdata          c_w.l(_printf_fp_hex.o)
    0x080050f3   0x080050f3   0x00000001   PAD
    0x080050f4   0x080050f4   0x00000094   Data   RO          808    .constdata          c_w.l(bigflt0.o)
    0x08005188   0x08005188   0x00000004   Data   RO          422    .rodata.ADCPrescTable  stm32f10x_rcc.o
    0x0800518c   0x0800518c   0x00000010   Data   RO          421    .rodata.APBAHBPrescTable  stm32f10x_rcc.o
    0x0800519c   0x0800519c   0x000001b0   Data   RO          129    .rodata.OLED_CF16x16  oled_data.o
    0x0800534c   0x0800534c   0x0000023a   Data   RO          128    .rodata.OLED_F6x8   oled_data.o
    0x08005586   0x08005586   0x000005f0   Data   RO          127    .rodata.OLED_F8x16  oled_data.o
    0x08005b76   0x08005b76   0x000000ae   Data   RO          209    .rodata.str1.1      main.o
    0x08005c24   0x08005c24   0x00000020   Data   RO          993    Region$$Table       anon$$obj.o
    0x08005c44   0x08005c44   0x00000110   Data   RO          834    locale$$data        c_w.l(lc_ctype_c.o)
    0x08005d54   0x08005d54   0x0000001c   Data   RO          837    locale$$data        c_w.l(lc_numeric_c.o)


    Execution Region RW_IRAM1 (Exec base: 0x20000000, Load base: 0x08005d70, Size: 0x00000ae0, Max: 0x00005000, ABSOLUTE)

    Exec Addr    Load Addr    Size         Type   Attr      Idx    E Section Name        Object

    0x20000000   0x08005d70   0x00000004   Data   RW          208    .data.Hope_T        main.o
    0x20000004   0x08005d74   0x00000004   PAD
    0x20000008        -       0x00000060   Zero   RW          745    .bss                c_w.l(libspace.o)
    0x20000068        -       0x00000400   Zero   RW          118    .bss.OLED_DisplayBuf  oled.o
    0x20000468        -       0x00000001   Zero   RW          169    .bss.Serial_RxFlag  serial.o
    0x20000469        -       0x00000064   Zero   RW          170    .bss.Serial_RxPacket  serial.o
    0x200004cd        -       0x00000001   Zero   RW          167    .bss.USART1_IRQHandler.RxState  serial.o
    0x200004ce        -       0x00000001   Zero   RW          168    .bss.USART1_IRQHandler.pRxPacket  serial.o
    0x200004cf   0x08005d74   0x00000001   PAD
    0x200004d0        -       0x00000004   Zero   RW          207    .bss.Water_L        main.o
    0x200004d4        -       0x00000004   Zero   RW          206    .bss.Water_Q        main.o
    0x200004d8        -       0x00000004   Zero   RW          205    .bss.Water_T        main.o
    0x200004dc   0x08005d74   0x00000004   PAD
    0x200004e0        -       0x00000200   Zero   RW          495    HEAP                startup_stm32f10x_md.o
    0x200006e0        -       0x00000400   Zero   RW          494    STACK               startup_stm32f10x_md.o


==============================================================================

Image component sizes


      Code (inc. data)   RO Data    RW Data    ZI Data      Debug   Object Name

       116          0          0          0          0       1056   delay.o
       828          0          0          0          0       3471   ds18b20.o
       874          0        174          4         12       1789   main.o
       194          0          0          0          0       3332   misc.o
      2590          0          0          0       1024      15123   oled.o
         0          0       2522          0          0        761   oled_data.o
        90          0          0          0          0       1737   relays.o
       630          0          0          0        103       5592   serial.o
        64         26        236          0       1536        828   startup_stm32f10x_md.o
       816          0          0          0          0       8777   stm32f10x_adc.o
       526          0          0          0          0       5701   stm32f10x_gpio.o
       470          0         20          0          0       7029   stm32f10x_rcc.o
       890          0          0          0          0       7502   stm32f10x_usart.o
       400          0          0          0          0       2959   system_stm32f10x.o
       346          0          0          0          0       2782   water_ad.o

    ----------------------------------------------------------------------
      8898         26       2984          4       2684      68439   Object Totals
         0          0         32          0          0          0   (incl. Generated)
        64          0          0          0          9          0   (incl. Padding)

    ----------------------------------------------------------------------

      Code (inc. data)   RO Data    RW Data    ZI Data      Debug   Library Member Name

         8          0          0          0          0         68   __main.o
       392          4         17          0          0         92   __printf_flags_ss_wp.o
        14          0          0          0          0         68   __printf_wp.o
         0          0          0          0          0          0   __rtentry.o
        12          0          0          0          0          0   __rtentry2.o
         6          0          0          0          0          0   __rtentry4.o
        94          8          0          0          0          0   __scatter.o
        26          0          0          0          0          0   __scatter_copy.o
        28          0          0          0          0          0   __scatter_zi.o
        72          0          0          0          0         96   _c16rtomb.o
        28          0          0          0          0         68   _chval.o
         6          0          0          0          0          0   _printf_a.o
         6          0          0          0          0          0   _printf_c.o
        44          0          0          0          0        108   _printf_char.o
        48          6          0          0          0         96   _printf_char_common.o
        40          0          0          0          0         68   _printf_charcount.o
         6          0          0          0          0          0   _printf_d.o
       120         16          0          0          0         92   _printf_dec.o
         6          0          0          0          0          0   _printf_e.o
         6          0          0          0          0          0   _printf_f.o
      1052          0          0          0          0        148   _printf_fp_dec.o
       764          8         38          0          0        100   _printf_fp_hex.o
       128         16          0          0          0         84   _printf_fp_infnan.o
         6          0          0          0          0          0   _printf_g.o
       148          4         40          0          0        160   _printf_hex_int_ll_ptr.o
         6          0          0          0          0          0   _printf_i.o
       178          0          0          0          0         88   _printf_intcommon.o
        10          0          0          0          0          0   _printf_l.o
         6          0          0          0          0          0   _printf_lc.o
        10          0          0          0          0          0   _printf_ll.o
         6          0          0          0          0          0   _printf_lld.o
         6          0          0          0          0          0   _printf_lli.o
         6          0          0          0          0          0   _printf_llo.o
         6          0          0          0          0          0   _printf_llu.o
         6          0          0          0          0          0   _printf_llx.o
       124         16          0          0          0         92   _printf_longlong_dec.o
         6          0          0          0          0          0   _printf_ls.o
         6          0          0          0          0          0   _printf_n.o
         6          0          0          0          0          0   _printf_o.o
       112          8          0          0          0        124   _printf_oct_int_ll.o
         6          0          0          0          0          0   _printf_p.o
        78          0          0          0          0        108   _printf_pad.o
         0          0          0          0          0          0   _printf_percent.o
         4          0          0          0          0          0   _printf_percent_end.o
         6          0          0          0          0          0   _printf_s.o
        82          0          0          0          0         80   _printf_str.o
        36          0          0          0          0         84   _printf_truncate.o
         6          0          0          0          0          0   _printf_u.o
        44          0          0          0          0        108   _printf_wchar.o
       188          6          8          0          0         92   _printf_wctomb.o
         6          0          0          0          0          0   _printf_x.o
        10          0          0          0          0         68   _sputc.o
       158          0          0          0          0         92   _strtoul.o
        26          0          0          0          0         80   atol.o
       228          4        148          0          0         96   bigflt0.o
      1936        128          0          0          0        668   btod.o
        18          0          0          0          0         80   exit.o
         6          0          0          0          0        152   heapauxi.o
         0          0          0          0          0          0   indicate_semi.o
        44         10        272          0          0         76   lc_ctype_c.o
        44         10         28          0          0         76   lc_numeric_c.o
         2          0          0          0          0          0   libinit.o
        30          0          0          0          0          0   libinit2.o
         2          0          0          0          0          0   libshutdown.o
         2          0          0          0          0          0   libshutdown2.o
         8          4          0          0         96         68   libspace.o
       138          0          0          0          0         80   lludiv10.o
        16          4          0          0          0         76   rt_ctype_table.o
         8          4          0          0          0         68   rt_errno_addr_intlibspace.o
         8          4          0          0          0         68   rt_locale_intlibspace.o
         2          0          0          0          0          0   rtexit.o
        10          0          0          0          0          0   rtexit2.o
       128          0          0          0          0         68   strcmpv7m.o
       112          0          0          0          0         88   strtol.o
        12          4          0          0          0         68   sys_exit.o
        74          0          0          0          0         80   sys_stackheap_outer.o
         2          0          0          0          0         68   use_no_semi.o
        36          4          0          0          0         76   vsprintf.o
        98          4          0          0          0         92   d2f.o
       834         16          0          0          0        372   daddsub_clz.o
        84          0          0          0          0        196   dcmp.o
        24          0          0          0          0         68   dcmpi.o
       120          4          0          0          0         92   deqf.o
        90          4          0          0          0         92   dfixu.o
        84          0          0          0          0        136   dflt_clz.o
       120          4          0          0          0         92   dgeqf.o
       120          4          0          0          0         92   dleqf.o
       340         12          0          0          0        104   dmul.o
       156          4          0          0          0         92   dnaninf.o
        12          0          0          0          0         68   dretinf.o
       108          0          0          0          0         80   drleqf.o
       180          4          0          0          0         80   drnd.o
        86          4          0          0          0         84   f2d.o
       430          8          0          0          0        168   faddsub_clz.o
        84          0          0          0          0        196   fcmp.o
        24          0          0          0          0         68   fcmpi.o
       388         76          0          0          0         96   fdiv.o
       104          4          0          0          0         84   feqf.o
        86          0          0          0          0        136   fflt_clz.o
       104          4          0          0          0         84   fgeqf.o
       104          4          0          0          0         84   fleqf.o
       258          4          0          0          0         84   fmul.o
       140          4          0          0          0         84   fnaninf.o
        10          0          0          0          0         68   fretinf.o
         4          0          0          0          0         68   printf1.o
         4          0          0          0          0         68   printf2.o
         0          0          0          0          0          0   usenofp.o
        40          0          0          0          0         68   fpclassify.o
       148         12          0          0          0         88   round.o

    ----------------------------------------------------------------------
     11486        444        552          0         96       7404   Library Totals
        32          0          1          0          0          0   (incl. Padding)

    ----------------------------------------------------------------------

      Code (inc. data)   RO Data    RW Data    ZI Data      Debug   Library Name

      7070        268        551          0         96       4220   c_w.l
      4196        164          0          0          0       3028   fz_ws.l
       188         12          0          0          0        156   m_ws.l

    ----------------------------------------------------------------------
     11486        444        552          0         96       7404   Library Totals

    ----------------------------------------------------------------------

==============================================================================


      Code (inc. data)   RO Data    RW Data    ZI Data      Debug   

     20384        470       3536          4       2780      71611   Grand Totals
     20384        470       3536          4       2780      71611   ELF Image Totals
     20384        470       3536          4          0          0   ROM Totals

==============================================================================

    Total RO  Size (Code + RO Data)                23920 (  23.36kB)
    Total RW  Size (RW Data + ZI Data)              2784 (   2.72kB)
    Total ROM Size (Code + RO Data + RW Data)      23924 (  23.36kB)

==============================================================================

